Archive member included to satisfy reference by file (symbol)

/opt/st/stm32cubeide_1.13.1/plugins/com.st.stm32cube.ide.mcu.externaltools.gnu-tools-for-stm32.11.3.rel1.linux64_1.1.0.202305231506/tools/bin/../lib/gcc/arm-none-eabi/11.3.1/../../../../arm-none-eabi/lib/thumb/v7e-m+fp/hard/libc_nano.a(libc_a-exit.o)
                              /opt/st/stm32cubeide_1.13.1/plugins/com.st.stm32cube.ide.mcu.externaltools.gnu-tools-for-stm32.11.3.rel1.linux64_1.1.0.202305231506/tools/bin/../lib/gcc/arm-none-eabi/11.3.1/../../../../arm-none-eabi/lib/thumb/v7e-m+fp/hard/crt0.o (exit)
/opt/st/stm32cubeide_1.13.1/plugins/com.st.stm32cube.ide.mcu.externaltools.gnu-tools-for-stm32.11.3.rel1.linux64_1.1.0.202305231506/tools/bin/../lib/gcc/arm-none-eabi/11.3.1/../../../../arm-none-eabi/lib/thumb/v7e-m+fp/hard/libc_nano.a(libc_a-findfp.o)
                              /opt/st/stm32cubeide_1.13.1/plugins/com.st.stm32cube.ide.mcu.externaltools.gnu-tools-for-stm32.11.3.rel1.linux64_1.1.0.202305231506/tools/bin/../lib/gcc/arm-none-eabi/11.3.1/../../../../arm-none-eabi/lib/thumb/v7e-m+fp/hard/libc_nano.a(libc_a-exit.o) (__stdio_exit_handler)
/opt/st/stm32cubeide_1.13.1/plugins/com.st.stm32cube.ide.mcu.externaltools.gnu-tools-for-stm32.11.3.rel1.linux64_1.1.0.202305231506/tools/bin/../lib/gcc/arm-none-eabi/11.3.1/../../../../arm-none-eabi/lib/thumb/v7e-m+fp/hard/libc_nano.a(libc_a-fwalk.o)
                              /opt/st/stm32cubeide_1.13.1/plugins/com.st.stm32cube.ide.mcu.externaltools.gnu-tools-for-stm32.11.3.rel1.linux64_1.1.0.202305231506/tools/bin/../lib/gcc/arm-none-eabi/11.3.1/../../../../arm-none-eabi/lib/thumb/v7e-m+fp/hard/libc_nano.a(libc_a-findfp.o) (_fwalk_sglue)
/opt/st/stm32cubeide_1.13.1/plugins/com.st.stm32cube.ide.mcu.externaltools.gnu-tools-for-stm32.11.3.rel1.linux64_1.1.0.202305231506/tools/bin/../lib/gcc/arm-none-eabi/11.3.1/../../../../arm-none-eabi/lib/thumb/v7e-m+fp/hard/libc_nano.a(libc_a-sprintf.o)
                              ./Drivers/TMP102/tmp102.o (sprintf)
/opt/st/stm32cubeide_1.13.1/plugins/com.st.stm32cube.ide.mcu.externaltools.gnu-tools-for-stm32.11.3.rel1.linux64_1.1.0.202305231506/tools/bin/../lib/gcc/arm-none-eabi/11.3.1/../../../../arm-none-eabi/lib/thumb/v7e-m+fp/hard/libc_nano.a(libc_a-stdio.o)
                              /opt/st/stm32cubeide_1.13.1/plugins/com.st.stm32cube.ide.mcu.externaltools.gnu-tools-for-stm32.11.3.rel1.linux64_1.1.0.202305231506/tools/bin/../lib/gcc/arm-none-eabi/11.3.1/../../../../arm-none-eabi/lib/thumb/v7e-m+fp/hard/libc_nano.a(libc_a-findfp.o) (__sread)
/opt/st/stm32cubeide_1.13.1/plugins/com.st.stm32cube.ide.mcu.externaltools.gnu-tools-for-stm32.11.3.rel1.linux64_1.1.0.202305231506/tools/bin/../lib/gcc/arm-none-eabi/11.3.1/../../../../arm-none-eabi/lib/thumb/v7e-m+fp/hard/libc_nano.a(libc_a-memset.o)
                              /opt/st/stm32cubeide_1.13.1/plugins/com.st.stm32cube.ide.mcu.externaltools.gnu-tools-for-stm32.11.3.rel1.linux64_1.1.0.202305231506/tools/bin/../lib/gcc/arm-none-eabi/11.3.1/../../../../arm-none-eabi/lib/thumb/v7e-m+fp/hard/crt0.o (memset)
/opt/st/stm32cubeide_1.13.1/plugins/com.st.stm32cube.ide.mcu.externaltools.gnu-tools-for-stm32.11.3.rel1.linux64_1.1.0.202305231506/tools/bin/../lib/gcc/arm-none-eabi/11.3.1/../../../../arm-none-eabi/lib/thumb/v7e-m+fp/hard/libc_nano.a(libc_a-closer.o)
                              /opt/st/stm32cubeide_1.13.1/plugins/com.st.stm32cube.ide.mcu.externaltools.gnu-tools-for-stm32.11.3.rel1.linux64_1.1.0.202305231506/tools/bin/../lib/gcc/arm-none-eabi/11.3.1/../../../../arm-none-eabi/lib/thumb/v7e-m+fp/hard/libc_nano.a(libc_a-stdio.o) (_close_r)
/opt/st/stm32cubeide_1.13.1/plugins/com.st.stm32cube.ide.mcu.externaltools.gnu-tools-for-stm32.11.3.rel1.linux64_1.1.0.202305231506/tools/bin/../lib/gcc/arm-none-eabi/11.3.1/../../../../arm-none-eabi/lib/thumb/v7e-m+fp/hard/libc_nano.a(libc_a-reent.o)
                              /opt/st/stm32cubeide_1.13.1/plugins/com.st.stm32cube.ide.mcu.externaltools.gnu-tools-for-stm32.11.3.rel1.linux64_1.1.0.202305231506/tools/bin/../lib/gcc/arm-none-eabi/11.3.1/../../../../arm-none-eabi/lib/thumb/v7e-m+fp/hard/libc_nano.a(libc_a-closer.o) (errno)
/opt/st/stm32cubeide_1.13.1/plugins/com.st.stm32cube.ide.mcu.externaltools.gnu-tools-for-stm32.11.3.rel1.linux64_1.1.0.202305231506/tools/bin/../lib/gcc/arm-none-eabi/11.3.1/../../../../arm-none-eabi/lib/thumb/v7e-m+fp/hard/libc_nano.a(libc_a-impure.o)
                              /opt/st/stm32cubeide_1.13.1/plugins/com.st.stm32cube.ide.mcu.externaltools.gnu-tools-for-stm32.11.3.rel1.linux64_1.1.0.202305231506/tools/bin/../lib/gcc/arm-none-eabi/11.3.1/../../../../arm-none-eabi/lib/thumb/v7e-m+fp/hard/libc_nano.a(libc_a-sprintf.o) (_impure_ptr)
/opt/st/stm32cubeide_1.13.1/plugins/com.st.stm32cube.ide.mcu.externaltools.gnu-tools-for-stm32.11.3.rel1.linux64_1.1.0.202305231506/tools/bin/../lib/gcc/arm-none-eabi/11.3.1/../../../../arm-none-eabi/lib/thumb/v7e-m+fp/hard/libc_nano.a(libc_a-lseekr.o)
[...]
Memory Configuration

Name             Origin             Length             Attributes
RAM              0x0000000020000000 0x0000000000004000 xrw
FLASH            0x0000000008000000 0x0000000000010000 xr
*default*        0x0000000000000000 0xffffffffffffffff

Linker script and memory map

LOAD /opt/st/stm32cubeide_1.13.1/plugins/com.st.stm32cube.ide.mcu.externaltools.gnu-tools-for-stm32.11.3.rel1.linux64_1.1.0.202305231506/tools/bin/../lib/gcc/arm-none-eabi/11.3.1/thumb/v7e-m+fp/hard/crti.o
LOAD /opt/st/stm32cubeide_1.13.1/plugins/com.st.stm32cube.ide.mcu.externaltools.gnu-tools-for-stm32.11.3.rel1.linux64_1.1.0.202305231506/tools/bin/../lib/gcc/arm-none-eabi/11.3.1/thumb/v7e-m+fp/hard/crtbegin.o
LOAD /opt/st/stm32cubeide_1.13.1/plugins/com.st.stm32cube.ide.mcu.externaltools.gnu-tools-for-stm32.11.3.rel1.linux64_1.1.0.202305231506/tools/bin/../lib/gcc/arm-none-eabi/11.3.1/../../../../arm-none-eabi/lib/thumb/v7e-m+fp/hard/crt0.o
LOAD ./Core/Src/main.o
LOAD ./Core/Src/stm32f3xx_hal_msp.o
LOAD ./Core/Src/stm32f3xx_it.o
LOAD ./Core/Src/syscalls.o
LOAD ./Core/Src/sysmem.o
LOAD ./Core/Src/system_stm32f3xx.o
LOAD ./Core/Startup/startup_stm32f302r8tx.o
LOAD ./Drivers/STM32F3xx_HAL_Driver/Src/stm32f3xx_hal.o
LOAD ./Drivers/STM32F3xx_HAL_Driver/Src/stm32f3xx_hal_cortex.o
LOAD ./Drivers/STM32F3xx_HAL_Driver/Src/stm32f3xx_hal_dma.o
LOAD ./Drivers/STM32F3xx_HAL_Driver/Src/stm32f3xx_hal_exti.o
LOAD ./Drivers/STM32F3xx_HAL_Driver/Src/stm32f3xx_hal_flash.o
LOAD ./Drivers/STM32F3xx_HAL_Driver/Src/stm32f3xx_hal_flash_ex.o
LOAD ./Drivers/STM32F3xx_HAL_Driver/Src/stm32f3xx_hal_gpio.o
LOAD ./Drivers/STM32F3xx_HAL_Driver/Src/stm32f3xx_hal_i2c.o
LOAD ./Drivers/STM32F3xx_HAL_Driver/Src/stm32f3xx_hal_i2c_ex.o
LOAD ./Drivers/STM32F3xx_HAL_Driver/Src/stm32f3xx_hal_pwr.o
LOAD ./Drivers/STM32F3xx_HAL_Driver/Src/stm32f3xx_hal_pwr_ex.o
LOAD ./Drivers/STM32F3xx_HAL_Driver/Src/stm32f3xx_hal_rcc.o
LOAD ./Drivers/STM32F3xx_HAL_Driver/Src/stm32f3xx_hal_rcc_ex.o
LOAD ./Drivers/STM32F3xx_HAL_Driver/Src/stm32f3xx_hal_tim.o
LOAD ./Drivers/STM32F3xx_HAL_Driver/Src/stm32f3xx_hal_tim_ex.o
LOAD ./Drivers/STM32F3xx_HAL_Driver/Src/stm32f3xx_hal_uart.o
LOAD ./Drivers/STM32F3xx_HAL_Driver/Src/stm32f3xx_hal_uart_ex.o
LOAD ./Drivers/TMP102/tmp102.o
LOAD ./Drivers/ssd1306/ssd1306.o
LOAD ./Drivers/ssd1306/ssd1306_fonts.o
START GROUP
LOAD /opt/st/stm32cubeide_1.13.1/plugins/com.st.stm32cube.ide.mcu.externaltools.gnu-tools-for-stm32.11.3.rel1.linux64_1.1.0.202305231506/tools/bin/../lib/gcc/arm-none-eabi/11.3.1/../../../../arm-none-eabi/lib/thumb/v7e-m+fp/hard/libc_nano.a
LOAD /opt/st/stm32cubeide_1.13.1/plugins/com.st.stm32cube.ide.mcu.externaltools.gnu-tools-for-stm32.11.3.rel1.linux64_1.1.0.202305231506/tools/bin/../lib/gcc/arm-none-eabi/11.3.1/../../../../arm-none-eabi/lib/thumb/v7e-m+fp/hard/libm.a
END GROUP
START GROUP
LOAD /opt/st/stm32cubeide_1.13.1/plugins/com.st.stm32cube.ide.mcu.externaltools.gnu-tools-for-stm32.11.3.rel1.linux64_1.1.0.202305231506/tools/bin/../lib/gcc/arm-none-eabi/11.3.1/thumb/v7e-m+fp/hard/libgcc.a
LOAD /opt/st/stm32cubeide_1.13.1/plugins/com.st.stm32cube.ide.mcu.externaltools.gnu-tools-for-stm32.11.3.rel1.linux64_1.1.0.202305231506/tools/bin/../lib/gcc/arm-none-eabi/11.3.1/../../../../arm-none-eabi/lib/thumb/v7e-m+fp/hard/libc_nano.a
END GROUP
START GROUP
LOAD /opt/st/stm32cubeide_1.13.1/plugins/com.st.stm32cube.ide.mcu.externaltools.gnu-tools-for-stm32.11.3.rel1.linux64_1.1.0.202305231506/tools/bin/../lib/gcc/arm-none-eabi/11.3.1/thumb/v7e-m+fp/hard/libgcc.a
LOAD /opt/st/stm32cubeide_1.13.1/plugins/com.st.stm32cube.ide.mcu.externaltools.gnu-tools-for-stm32.11.3.rel1.linux64_1.1.0.202305231506/tools/bin/../lib/gcc/arm-none-eabi/11.3.1/../../../../arm-none-eabi/lib/thumb/v7e-m+fp/hard/libc_nano.a
LOAD /opt/st/stm32cubeide_1.13.1/plugins/com.st.stm32cube.ide.mcu.externaltools.gnu-tools-for-stm32.11.3.rel1.linux64_1.1.0.202305231506/tools/bin/../lib/gcc/arm-none-eabi/11.3.1/../../../../arm-none-eabi/lib/thumb/v7e-m+fp/hard/libnosys.a
END GROUP
START GROUP
LOAD /opt/st/stm32cubeide_1.13.1/plugins/com.st.stm32cube.ide.mcu.externaltools.gnu-tools-for-stm32.11.3.rel1.linux64_1.1.0.202305231506/tools/bin/../lib/gcc/arm-none-eabi/11.3.1/thumb/v7e-m+fp/hard/libgcc.a
LOAD /opt/st/stm32cubeide_1.13.1/plugins/com.st.stm32cube.ide.mcu.externaltools.gnu-tools-for-stm32.11.3.rel1.linux64_1.1.0.202305231506/tools/bin/../lib/gcc/arm-none-eabi/11.3.1/../../../../arm-none-eabi/lib/thumb/v7e-m+fp/hard/libc_nano.a
LOAD /opt/st/stm32cubeide_1.13.1/plugins/com.st.stm32cube.ide.mcu.externaltools.gnu-tools-for-stm32.11.3.rel1.linux64_1.1.0.202305231506/tools/bin/../lib/gcc/arm-none-eabi/11.3.1/../../../../arm-none-eabi/lib/thumb/v7e-m+fp/hard/libnosys.a
END GROUP
LOAD /opt/st/stm32cubeide_1.13.1/plugins/com.st.stm32cube.ide.mcu.externaltools.gnu-tools-for-stm32.11.3.rel1.linux64_1.1.0.202305231506/tools/bin/../lib/gcc/arm-none-eabi/11.3.1/thumb/v7e-m+fp/hard/crtend.o
LOAD /opt/st/stm32cubeide_1.13.1/plugins/com.st.stm32cube.ide.mcu.externaltools.gnu-tools-for-stm32.11.3.rel1.linux64_1.1.0.202305231506/tools/bin/../lib/gcc/arm-none-eabi/11.3.1/thumb/v7e-m+fp/hard/crtn.o
                0x0000000020004000                _estack = (ORIGIN (RAM) + LENGTH (RAM))
                0x0000000000000200                _Min_Heap_Size = 0x200
                0x0000000000000400                _Min_Stack_Size = 0x400

.isr_vector     0x0000000008000000      0x188
                0x0000000008000000                . = ALIGN (0x4)
 *(.isr_vector)
 .isr_vector    0x0000000008000000      0x188 ./Core/Startup/startup_stm32f302r8tx.o
                0x0000000008000000                g_pfnVectors
                0x0000000008000188                . = ALIGN (0x4)

.text           0x0000000008000190     0x53e8
                0x0000000008000190                . = ALIGN (0x4)
 *(.text)
 .text          0x0000000008000190       0x40 /opt/st/stm32cubeide_1.13.1/plugins/com.st.stm32cube.ide.mcu.externaltools.gnu-tools-for-stm32.11.3.rel1.linux64_1.1.0.202305231506/tools/bin/../lib/gcc/arm-none-eabi/11.3.1/thumb/v7e-m+fp/hard/crtbegin.o
 .text          0x00000000080001d0       0xa0 /opt/st/stm32cubeide_1.13.1/plugins/com.st.stm32cube.ide.mcu.externaltools.gnu-tools-for-stm32.11.3.rel1.linux64_1.1.0.202305231506/tools/bin/../lib/gcc/arm-none-eabi/11.3.1/../../../../arm-none-eabi/lib/thumb/v7e-m+fp/hard/libc_nano.a(libc_a-memchr.o)
                0x00000000080001d0                memchr
 .text          0x0000000008000270      0x378 /opt/st/stm32cubeide_1.13.1/plugins/com.st.stm32cube.ide.mcu.externaltools.gnu-tools-for-stm32.11.3.rel1.linux64_1.1.0.202305231506/tools/bin/../lib/gcc/arm-none-eabi/11.3.1/thumb/v7e-m+fp/hard/libgcc.a(_arm_addsubdf3.o)
                0x0000000008000270                __aeabi_drsub
                0x0000000008000278                __aeabi_dsub
                0x0000000008000278                __subdf3
                0x000000000800027c                __adddf3
                0x000000000800027c                __aeabi_dadd
                0x00000000080004f4                __aeabi_ui2d
                0x00000000080004f4                __floatunsidf
                0x0000000008000514                __floatsidf
                0x0000000008000514                __aeabi_i2d
                0x0000000008000538                __extendsfdf2
                0x0000000008000538                __aeabi_f2d
                0x000000000800057c                __aeabi_ul2d
                0x000000000800057c                __floatundidf
                0x000000000800058c                __floatdidf
                0x000000000800058c                __aeabi_l2d
 .text          0x00000000080005e8      0x424 /opt/st/stm32cubeide_1.13.1/plugins/com.st.stm32cube.ide.mcu.externaltools.gnu-tools-for-stm32.11.3.rel1.linux64_1.1.0.202305231506/tools/bin/../lib/gcc/arm-none-eabi/11.3.1/thumb/v7e-m+fp/hard/libgcc.a(_arm_muldivdf3.o)
                0x00000000080005e8                __aeabi_dmul
                0x00000000080005e8                __muldf3
                0x000000000800083c                __aeabi_ddiv
                0x000000000800083c                __divdf3
 .text          0x0000000008000a0c       0xa0 /opt/st/stm32cubeide_1.13.1/plugins/com.st.stm32cube.ide.mcu.externaltools.gnu-tools-for-stm32.11.3.rel1.linux64_1.1.0.202305231506/tools/bin/../lib/gcc/arm-none-eabi/11.3.1/thumb/v7e-m+fp/hard/libgcc.a(_arm_truncdfsf2.o)
                0x0000000008000a0c                __aeabi_d2f
                0x0000000008000a0c                __truncdfsf2
 *(.text*)
 .text.main     0x0000000008000aac      0x288 ./Core/Src/main.o
                0x0000000008000aac                main
 .text.SystemClock_Config
                0x0000000008000d34       0xb0 ./Core/Src/main.o
                0x0000000008000d34                SystemClock_Config
 .text.MX_I2C1_Init
                0x0000000008000de4       0x80 ./Core/Src/main.o
 .text.MX_I2C2_Init
                0x0000000008000e64       0x80 ./Core/Src/main.o
 .text.MX_USART2_UART_Init
                0x0000000008000ee4       0x60 ./Core/Src/main.o
 .text.MX_GPIO_Init
                0x0000000008000f44       0xd0 ./Core/Src/main.o
 .text.Error_Handler
                0x0000000008001014        0xa ./Core/Src/main.o
                0x0000000008001014                Error_Handler
 *fill*         0x000000000800101e        0x2 
 .text.HAL_MspInit
                0x0000000008001020       0x48 ./Core/Src/stm32f3xx_hal_msp.o
                0x0000000008001020                HAL_MspInit
 .text.HAL_I2C_MspInit
                0x0000000008001068      0x128 ./Core/Src/stm32f3xx_hal_msp.o
                0x0000000008001068                HAL_I2C_MspInit
 .text.HAL_UART_MspInit
                0x0000000008001190       0x84 ./Core/Src/stm32f3xx_hal_msp.o
                0x0000000008001190                HAL_UART_MspInit
 .text.NMI_Handler
                0x0000000008001214        0x6 ./Core/Src/stm32f3xx_it.o
                0x0000000008001214                NMI_Handler
 .text.HardFault_Handler
                0x000000000800121a        0x6 ./Core/Src/stm32f3xx_it.o
                0x000000000800121a                HardFault_Handler
 .text.MemManage_Handler
                0x0000000008001220        0x6 ./Core/Src/stm32f3xx_it.o
                0x0000000008001220                MemManage_Handler
 .text.BusFault_Handler
                0x0000000008001226        0x6 ./Core/Src/stm32f3xx_it.o
                0x0000000008001226                BusFault_Handler
 .text.UsageFault_Handler
                0x000000000800122c        0x6 ./Core/Src/stm32f3xx_it.o
                0x000000000800122c                UsageFault_Handler
 .text.SVC_Handler
                0x0000000008001232        0xe ./Core/Src/stm32f3xx_it.o
                0x0000000008001232                SVC_Handler
 .text.DebugMon_Handler
                0x0000000008001240        0xe ./Core/Src/stm32f3xx_it.o
                0x0000000008001240                DebugMon_Handler
 .text.PendSV_Handler
                0x000000000800124e        0xe ./Core/Src/stm32f3xx_it.o
                0x000000000800124e                PendSV_Handler
 .text.SysTick_Handler
                0x000000000800125c        0xc ./Core/Src/stm32f3xx_it.o
                0x000000000800125c                SysTick_Handler
 .text._sbrk    0x0000000008001268       0x6c ./Core/Src/sysmem.o
                0x0000000008001268                _sbrk
 .text.SystemInit
                0x00000000080012d4       0x24 ./Core/Src/system_stm32f3xx.o
                0x00000000080012d4                SystemInit
 .text.Reset_Handler
                0x00000000080012f8       0x50 ./Core/Startup/startup_stm32f302r8tx.o
                0x00000000080012f8                Reset_Handler
 .text.Default_Handler
                0x0000000008001348        0x2 ./Core/Startup/startup_stm32f302r8tx.o
                0x0000000008001348                RTC_Alarm_IRQHandler
                0x0000000008001348                TIM1_CC_IRQHandler
                0x0000000008001348                USB_HP_IRQHandler
                0x0000000008001348                PVD_IRQHandler
                0x0000000008001348                TAMP_STAMP_IRQHandler
                0x0000000008001348                EXTI3_IRQHandler
                0x0000000008001348                I2C3_ER_IRQHandler
                0x0000000008001348                USB_HP_CAN_TX_IRQHandler
                0x0000000008001348                EXTI0_IRQHandler
                0x0000000008001348                I2C2_EV_IRQHandler
                0x0000000008001348                FPU_IRQHandler
                0x0000000008001348                TIM1_UP_TIM16_IRQHandler
                0x0000000008001348                CAN_SCE_IRQHandler
                0x0000000008001348                TIM6_DAC_IRQHandler
                0x0000000008001348                DMA1_Channel4_IRQHandler
                0x0000000008001348                ADC1_IRQHandler
                0x0000000008001348                USART3_IRQHandler
                0x0000000008001348                DMA1_Channel7_IRQHandler
                0x0000000008001348                CAN_RX1_IRQHandler
                0x0000000008001348                I2C1_EV_IRQHandler
                0x0000000008001348                DMA1_Channel6_IRQHandler
                0x0000000008001348                RCC_IRQHandler
                0x0000000008001348                DMA1_Channel1_IRQHandler
                0x0000000008001348                Default_Handler
                0x0000000008001348                USBWakeUp_RMP_IRQHandler
                0x0000000008001348                EXTI15_10_IRQHandler
                0x0000000008001348                COMP2_IRQHandler
                0x0000000008001348                I2C3_EV_IRQHandler
                0x0000000008001348                EXTI9_5_IRQHandler
                0x0000000008001348                RTC_WKUP_IRQHandler
                0x0000000008001348                SPI2_IRQHandler
                0x0000000008001348                USB_LP_CAN_RX0_IRQHandler
                0x0000000008001348                DMA1_Channel5_IRQHandler
                0x0000000008001348                USB_LP_IRQHandler
                0x0000000008001348                EXTI4_IRQHandler
                0x0000000008001348                TIM1_TRG_COM_TIM17_IRQHandler
                0x0000000008001348                DMA1_Channel3_IRQHandler
                0x0000000008001348                WWDG_IRQHandler
                0x0000000008001348                TIM2_IRQHandler
                0x0000000008001348                EXTI1_IRQHandler
                0x0000000008001348                COMP4_6_IRQHandler
                0x0000000008001348                USART2_IRQHandler
                0x0000000008001348                I2C2_ER_IRQHandler
                0x0000000008001348                DMA1_Channel2_IRQHandler
                0x0000000008001348                FLASH_IRQHandler
                0x0000000008001348                USART1_IRQHandler
                0x0000000008001348                SPI3_IRQHandler
                0x0000000008001348                I2C1_ER_IRQHandler
                0x0000000008001348                USBWakeUp_IRQHandler
                0x0000000008001348                EXTI2_TSC_IRQHandler
                0x0000000008001348                TIM1_BRK_TIM15_IRQHandler
 *fill*         0x000000000800134a        0x2 
 .text.HAL_Init
                0x000000000800134c       0x2c ./Drivers/STM32F3xx_HAL_Driver/Src/stm32f3xx_hal.o
                0x000000000800134c                HAL_Init
 .text.HAL_InitTick
                0x0000000008001378       0x60 ./Drivers/STM32F3xx_HAL_Driver/Src/stm32f3xx_hal.o
                0x0000000008001378                HAL_InitTick
 .text.HAL_IncTick
                0x00000000080013d8       0x28 ./Drivers/STM32F3xx_HAL_Driver/Src/stm32f3xx_hal.o
                0x00000000080013d8                HAL_IncTick
 .text.HAL_GetTick
                0x0000000008001400       0x18 ./Drivers/STM32F3xx_HAL_Driver/Src/stm32f3xx_hal.o
                0x0000000008001400                HAL_GetTick
 .text.HAL_Delay
                0x0000000008001418       0x48 ./Drivers/STM32F3xx_HAL_Driver/Src/stm32f3xx_hal.o
                0x0000000008001418                HAL_Delay
 .text.__NVIC_SetPriorityGrouping
                0x0000000008001460       0x48 ./Drivers/STM32F3xx_HAL_Driver/Src/stm32f3xx_hal_cortex.o
 .text.__NVIC_GetPriorityGrouping
                0x00000000080014a8       0x1c ./Drivers/STM32F3xx_HAL_Driver/Src/stm32f3xx_hal_cortex.o
 .text.__NVIC_SetPriority
                0x00000000080014c4       0x54 ./Drivers/STM32F3xx_HAL_Driver/Src/stm32f3xx_hal_cortex.o
 .text.NVIC_EncodePriority
                0x0000000008001518       0x66 ./Drivers/STM32F3xx_HAL_Driver/Src/stm32f3xx_hal_cortex.o
 *fill*         0x000000000800157e        0x2 
 .text.SysTick_Config
                0x0000000008001580       0x44 ./Drivers/STM32F3xx_HAL_Driver/Src/stm32f3xx_hal_cortex.o
 .text.HAL_NVIC_SetPriorityGrouping
                0x00000000080015c4       0x16 ./Drivers/STM32F3xx_HAL_Driver/Src/stm32f3xx_hal_cortex.o
                0x00000000080015c4                HAL_NVIC_SetPriorityGrouping
 .text.HAL_NVIC_SetPriority
                0x00000000080015da       0x38 ./Drivers/STM32F3xx_HAL_Driver/Src/stm32f3xx_hal_cortex.o
                0x00000000080015da                HAL_NVIC_SetPriority
 .text.HAL_SYSTICK_Config
                0x0000000008001612       0x18 ./Drivers/STM32F3xx_HAL_Driver/Src/stm32f3xx_hal_cortex.o
                0x0000000008001612                HAL_SYSTICK_Config
 *fill*         0x000000000800162a        0x2 
 .text.HAL_GPIO_Init
                0x000000000800162c      0x2e4 ./Drivers/STM32F3xx_HAL_Driver/Src/stm32f3xx_hal_gpio.o
                0x000000000800162c                HAL_GPIO_Init
 .text.HAL_GPIO_WritePin
                0x0000000008001910       0x30 ./Drivers/STM32F3xx_HAL_Driver/Src/stm32f3xx_hal_gpio.o
                0x0000000008001910                HAL_GPIO_WritePin
 .text.HAL_I2C_Init
                0x0000000008001940      0x11e ./Drivers/STM32F3xx_HAL_Driver/Src/stm32f3xx_hal_i2c.o
                0x0000000008001940                HAL_I2C_Init
 *fill*         0x0000000008001a5e        0x2 
 .text.HAL_I2C_Master_Transmit
                0x0000000008001a60      0x1e8 ./Drivers/STM32F3xx_HAL_Driver/Src/stm32f3xx_hal_i2c.o
                0x0000000008001a60                HAL_I2C_Master_Transmit
 .text.HAL_I2C_Master_Receive
                0x0000000008001c48      0x1ec ./Drivers/STM32F3xx_HAL_Driver/Src/stm32f3xx_hal_i2c.o
                0x0000000008001c48                HAL_I2C_Master_Receive
 .text.HAL_I2C_Mem_Write
                0x0000000008001e34      0x228 ./Drivers/STM32F3xx_HAL_Driver/Src/stm32f3xx_hal_i2c.o
                0x0000000008001e34                HAL_I2C_Mem_Write
 .text.I2C_RequestMemoryWrite
                0x000000000800205c       0xa8 ./Drivers/STM32F3xx_HAL_Driver/Src/stm32f3xx_hal_i2c.o
 .text.I2C_Flush_TXDR
                0x0000000008002104       0x48 ./Drivers/STM32F3xx_HAL_Driver/Src/stm32f3xx_hal_i2c.o
 .text.I2C_WaitOnFlagUntilTimeout
                0x000000000800214c       0x9e ./Drivers/STM32F3xx_HAL_Driver/Src/stm32f3xx_hal_i2c.o
 .text.I2C_WaitOnTXISFlagUntilTimeout
                0x00000000080021ea       0x8e ./Drivers/STM32F3xx_HAL_Driver/Src/stm32f3xx_hal_i2c.o
 .text.I2C_WaitOnSTOPFlagUntilTimeout
                0x0000000008002278       0x86 ./Drivers/STM32F3xx_HAL_Driver/Src/stm32f3xx_hal_i2c.o
 *fill*         0x00000000080022fe        0x2 
 .text.I2C_WaitOnRXNEFlagUntilTimeout
                0x0000000008002300      0x104 ./Drivers/STM32F3xx_HAL_Driver/Src/stm32f3xx_hal_i2c.o
 .text.I2C_IsErrorOccurred
                0x0000000008002404      0x1c0 ./Drivers/STM32F3xx_HAL_Driver/Src/stm32f3xx_hal_i2c.o
 .text.I2C_TransferConfig
                0x00000000080025c4       0x64 ./Drivers/STM32F3xx_HAL_Driver/Src/stm32f3xx_hal_i2c.o
 .text.HAL_I2CEx_ConfigAnalogFilter
                0x0000000008002628       0x96 ./Drivers/STM32F3xx_HAL_Driver/Src/stm32f3xx_hal_i2c_ex.o
                0x0000000008002628                HAL_I2CEx_ConfigAnalogFilter
 .text.HAL_I2CEx_ConfigDigitalFilter
                0x00000000080026be       0x98 ./Drivers/STM32F3xx_HAL_Driver/Src/stm32f3xx_hal_i2c_ex.o
                0x00000000080026be                HAL_I2CEx_ConfigDigitalFilter
 *fill*         0x0000000008002756        0x2 
 .text.HAL_RCC_OscConfig
                0x0000000008002758     0x107c ./Drivers/STM32F3xx_HAL_Driver/Src/stm32f3xx_hal_rcc.o
                0x0000000008002758                HAL_RCC_OscConfig
 .text.HAL_RCC_ClockConfig
                0x00000000080037d4      0x2f8 ./Drivers/STM32F3xx_HAL_Driver/Src/stm32f3xx_hal_rcc.o
                0x00000000080037d4                HAL_RCC_ClockConfig
 .text.HAL_RCC_GetSysClockFreq
                0x0000000008003acc       0xd4 ./Drivers/STM32F3xx_HAL_Driver/Src/stm32f3xx_hal_rcc.o
                0x0000000008003acc                HAL_RCC_GetSysClockFreq
 .text.HAL_RCC_GetHCLKFreq
                0x0000000008003ba0       0x18 ./Drivers/STM32F3xx_HAL_Driver/Src/stm32f3xx_hal_rcc.o
                0x0000000008003ba0                HAL_RCC_GetHCLKFreq
 .text.HAL_RCC_GetPCLK1Freq
                0x0000000008003bb8       0x44 ./Drivers/STM32F3xx_HAL_Driver/Src/stm32f3xx_hal_rcc.o
                0x0000000008003bb8                HAL_RCC_GetPCLK1Freq
 .text.HAL_RCC_GetPCLK2Freq
                0x0000000008003bfc       0x44 ./Drivers/STM32F3xx_HAL_Driver/Src/stm32f3xx_hal_rcc.o
                0x0000000008003bfc                HAL_RCC_GetPCLK2Freq
 .text.HAL_RCCEx_PeriphCLKConfig
                0x0000000008003c40      0x324 ./Drivers/STM32F3xx_HAL_Driver/Src/stm32f3xx_hal_rcc_ex.o
                0x0000000008003c40                HAL_RCCEx_PeriphCLKConfig
 .text.HAL_UART_Init
                0x0000000008003f64       0x9c ./Drivers/STM32F3xx_HAL_Driver/Src/stm32f3xx_hal_uart.o
                0x0000000008003f64                HAL_UART_Init
 .text.UART_SetConfig
                0x0000000008004000      0x26c ./Drivers/STM32F3xx_HAL_Driver/Src/stm32f3xx_hal_uart.o
                0x0000000008004000                UART_SetConfig
 .text.UART_AdvFeatureConfig
                0x000000000800426c      0x144 ./Drivers/STM32F3xx_HAL_Driver/Src/stm32f3xx_hal_uart.o
                0x000000000800426c                UART_AdvFeatureConfig
 .text.UART_CheckIdleState
                0x00000000080043b0      0x150 ./Drivers/STM32F3xx_HAL_Driver/Src/stm32f3xx_hal_uart.o
                0x00000000080043b0                UART_CheckIdleState
 .text.UART_WaitOnFlagUntilTimeout
                0x0000000008004500       0xce ./Drivers/STM32F3xx_HAL_Driver/Src/stm32f3xx_hal_uart.o
                0x0000000008004500                UART_WaitOnFlagUntilTimeout
 .text.UART_EndRxTransfer
                0x00000000080045ce       0xc8 ./Drivers/STM32F3xx_HAL_Driver/Src/stm32f3xx_hal_uart.o
 *fill*         0x0000000008004696        0x2 
 .text.getTemp  0x0000000008004698      0x108 ./Drivers/TMP102/tmp102.o
                0x0000000008004698                getTemp
 .text.ssd1306_Reset
                0x00000000080047a0        0xe ./Drivers/ssd1306/ssd1306.o
                0x00000000080047a0                ssd1306_Reset
 *fill*         0x00000000080047ae        0x2 
 .text.ssd1306_WriteCommand
                0x00000000080047b0       0x30 ./Drivers/ssd1306/ssd1306.o
                0x00000000080047b0                ssd1306_WriteCommand
 .text.ssd1306_WriteData
                0x00000000080047e0       0x34 ./Drivers/ssd1306/ssd1306.o
                0x00000000080047e0                ssd1306_WriteData
 .text.ssd1306_Init
                0x0000000008004814       0xd4 ./Drivers/ssd1306/ssd1306.o
                0x0000000008004814                ssd1306_Init
 .text.ssd1306_Fill
                0x00000000080048e8       0x48 ./Drivers/ssd1306/ssd1306.o
                0x00000000080048e8                ssd1306_Fill
 .text.ssd1306_UpdateScreen
                0x0000000008004930       0x50 ./Drivers/ssd1306/ssd1306.o
                0x0000000008004930                ssd1306_UpdateScreen
 .text.ssd1306_DrawPixel
                0x0000000008004980       0xa8 ./Drivers/ssd1306/ssd1306.o
                0x0000000008004980                ssd1306_DrawPixel
 .text.ssd1306_WriteChar
                0x0000000008004a28      0x110 ./Drivers/ssd1306/ssd1306.o
                0x0000000008004a28                ssd1306_WriteChar
 .text.ssd1306_WriteString
                0x0000000008004b38       0x4c ./Drivers/ssd1306/ssd1306.o
                0x0000000008004b38                ssd1306_WriteString
 .text.ssd1306_SetCursor
                0x0000000008004b84       0x30 ./Drivers/ssd1306/ssd1306.o
                0x0000000008004b84                ssd1306_SetCursor
 .text.ssd1306_SetContrast
                0x0000000008004bb4       0x26 ./Drivers/ssd1306/ssd1306.o
                0x0000000008004bb4                ssd1306_SetContrast
 *fill*         0x0000000008004bda        0x2 
 .text.ssd1306_SetDisplayOn
                0x0000000008004bdc       0x3c ./Drivers/ssd1306/ssd1306.o
                0x0000000008004bdc                ssd1306_SetDisplayOn
 .text.sprintf  0x0000000008004c18       0x40 /opt/st/stm32cubeide_1.13.1/plugins/com.st.stm32cube.ide.mcu.externaltools.gnu-tools-for-stm32.11.3.rel1.linux64_1.1.0.202305231506/tools/bin/../lib/gcc/arm-none-eabi/11.3.1/../../../../arm-none-eabi/lib/thumb/v7e-m+fp/hard/libc_nano.a(libc_a-sprintf.o)
                0x0000000008004c18                sprintf
                0x0000000008004c18                siprintf
 .text.memset   0x0000000008004c58       0x10 /opt/st/stm32cubeide_1.13.1/plugins/com.st.stm32cube.ide.mcu.externaltools.gnu-tools-for-stm32.11.3.rel1.linux64_1.1.0.202305231506/tools/bin/../lib/gcc/arm-none-eabi/11.3.1/../../../../arm-none-eabi/lib/thumb/v7e-m+fp/hard/libc_nano.a(libc_a-memset.o)
                0x0000000008004c58                memset
 .text.__errno  0x0000000008004c68        0xc /opt/st/stm32cubeide_1.13.1/plugins/com.st.stm32cube.ide.mcu.externaltools.gnu-tools-for-stm32.11.3.rel1.linux64_1.1.0.202305231506/tools/bin/../lib/gcc/arm-none-eabi/11.3.1/../../../../arm-none-eabi/lib/thumb/v7e-m+fp/hard/libc_nano.a(libc_a-errno.o)
                0x0000000008004c68                __errno
 .text.__libc_init_array
                0x0000000008004c74       0x48 /opt/st/stm32cubeide_1.13.1/plugins/com.st.stm32cube.ide.mcu.externaltools.gnu-tools-for-stm32.11.3.rel1.linux64_1.1.0.202305231506/tools/bin/../lib/gcc/arm-none-eabi/11.3.1/../../../../arm-none-eabi/lib/thumb/v7e-m+fp/hard/libc_nano.a(libc_a-init.o)
                0x0000000008004c74                __libc_init_array
 .text.__retarget_lock_acquire_recursive
                0x0000000008004cbc        0x2 /opt/st/stm32cubeide_1.13.1/plugins/com.st.stm32cube.ide.mcu.externaltools.gnu-tools-for-stm32.11.3.rel1.linux64_1.1.0.202305231506/tools/bin/../lib/gcc/arm-none-eabi/11.3.1/../../../../arm-none-eabi/lib/thumb/v7e-m+fp/hard/libc_nano.a(libc_a-lock.o)
                0x0000000008004cbc                __retarget_lock_acquire_recursive
 .text.__retarget_lock_release_recursive
                0x0000000008004cbe        0x2 /opt/st/stm32cubeide_1.13.1/plugins/com.st.stm32cube.ide.mcu.externaltools.gnu-tools-for-stm32.11.3.rel1.linux64_1.1.0.202305231506/tools/bin/../lib/gcc/arm-none-eabi/11.3.1/../../../../arm-none-eabi/lib/thumb/v7e-m+fp/hard/libc_nano.a(libc_a-lock.o)
                0x0000000008004cbe                __retarget_lock_release_recursive
 .text.memcpy   0x0000000008004cc0       0x1c /opt/st/stm32cubeide_1.13.1/plugins/com.st.stm32cube.ide.mcu.externaltools.gnu-tools-for-stm32.11.3.rel1.linux64_1.1.0.202305231506/tools/bin/../lib/gcc/arm-none-eabi/11.3.1/../../../../arm-none-eabi/lib/thumb/v7e-m+fp/hard/libc_nano.a(libc_a-memcpy-stub.o)
                0x0000000008004cc0                memcpy
 .text._free_r  0x0000000008004cdc       0x98 /opt/st/stm32cubeide_1.13.1/plugins/com.st.stm32cube.ide.mcu.externaltools.gnu-tools-for-stm32.11.3.rel1.linux64_1.1.0.202305231506/tools/bin/../lib/gcc/arm-none-eabi/11.3.1/../../../../arm-none-eabi/lib/thumb/v7e-m+fp/hard/libc_nano.a(libc_a-freer.o)
                0x0000000008004cdc                _free_r
 .text.sbrk_aligned
                0x0000000008004d74       0x40 /opt/st/stm32cubeide_1.13.1/plugins/com.st.stm32cube.ide.mcu.externaltools.gnu-tools-for-stm32.11.3.rel1.linux64_1.1.0.202305231506/tools/bin/../lib/gcc/arm-none-eabi/11.3.1/../../../../arm-none-eabi/lib/thumb/v7e-m+fp/hard/libc_nano.a(libc_a-mallocr.o)
 .text._malloc_r
                0x0000000008004db4      0x100 /opt/st/stm32cubeide_1.13.1/plugins/com.st.stm32cube.ide.mcu.externaltools.gnu-tools-for-stm32.11.3.rel1.linux64_1.1.0.202305231506/tools/bin/../lib/gcc/arm-none-eabi/11.3.1/../../../../arm-none-eabi/lib/thumb/v7e-m+fp/hard/libc_nano.a(libc_a-mallocr.o)
                0x0000000008004db4                _malloc_r
 .text.__malloc_lock
                0x0000000008004eb4        0xc /opt/st/stm32cubeide_1.13.1/plugins/com.st.stm32cube.ide.mcu.externaltools.gnu-tools-for-stm32.11.3.rel1.linux64_1.1.0.202305231506/tools/bin/../lib/gcc/arm-none-eabi/11.3.1/../../../../arm-none-eabi/lib/thumb/v7e-m+fp/hard/libc_nano.a(libc_a-mlock.o)
                0x0000000008004eb4                __malloc_lock
 .text.__malloc_unlock
                0x0000000008004ec0        0xc /opt/st/stm32cubeide_1.13.1/plugins/com.st.stm32cube.ide.mcu.externaltools.gnu-tools-for-stm32.11.3.rel1.linux64_1.1.0.202305231506/tools/bin/../lib/gcc/arm-none-eabi/11.3.1/../../../../arm-none-eabi/lib/thumb/v7e-m+fp/hard/libc_nano.a(libc_a-mlock.o)
                0x0000000008004ec0                __malloc_unlock
 .text.__ssputs_r
                0x0000000008004ecc       0xb4 /opt/st/stm32cubeide_1.13.1/plugins/com.st.stm32cube.ide.mcu.externaltools.gnu-tools-for-stm32.11.3.rel1.linux64_1.1.0.202305231506/tools/bin/../lib/gcc/arm-none-eabi/11.3.1/../../../../arm-none-eabi/lib/thumb/v7e-m+fp/hard/libc_nano.a(libc_a-nano-svfprintf.o)
                0x0000000008004ecc                __ssputs_r
 .text._svfprintf_r
                0x0000000008004f80      0x1fc /opt/st/stm32cubeide_1.13.1/plugins/com.st.stm32cube.ide.mcu.externaltools.gnu-tools-for-stm32.11.3.rel1.linux64_1.1.0.202305231506/tools/bin/../lib/gcc/arm-none-eabi/11.3.1/../../../../arm-none-eabi/lib/thumb/v7e-m+fp/hard/libc_nano.a(libc_a-nano-svfprintf.o)
                0x0000000008004f80                _svfprintf_r
                0x0000000008004f80                _svfiprintf_r
 .text._printf_common
                0x000000000800517c       0xda /opt/st/stm32cubeide_1.13.1/plugins/com.st.stm32cube.ide.mcu.externaltools.gnu-tools-for-stm32.11.3.rel1.linux64_1.1.0.202305231506/tools/bin/../lib/gcc/arm-none-eabi/11.3.1/../../../../arm-none-eabi/lib/thumb/v7e-m+fp/hard/libc_nano.a(libc_a-nano-vfprintf_i.o)
                0x000000000800517c                _printf_common
 *fill*         0x0000000008005256        0x2 
 .text._printf_i
                0x0000000008005258      0x244 /opt/st/stm32cubeide_1.13.1/plugins/com.st.stm32cube.ide.mcu.externaltools.gnu-tools-for-stm32.11.3.rel1.linux64_1.1.0.202305231506/tools/bin/../lib/gcc/arm-none-eabi/11.3.1/../../../../arm-none-eabi/lib/thumb/v7e-m+fp/hard/libc_nano.a(libc_a-nano-vfprintf_i.o)
                0x0000000008005258                _printf_i
 .text.memmove  0x000000000800549c       0x34 /opt/st/stm32cubeide_1.13.1/plugins/com.st.stm32cube.ide.mcu.externaltools.gnu-tools-for-stm32.11.3.rel1.linux64_1.1.0.202305231506/tools/bin/../lib/gcc/arm-none-eabi/11.3.1/../../../../arm-none-eabi/lib/thumb/v7e-m+fp/hard/libc_nano.a(libc_a-memmove.o)
                0x000000000800549c                memmove
 .text._sbrk_r  0x00000000080054d0       0x20 /opt/st/stm32cubeide_1.13.1/plugins/com.st.stm32cube.ide.mcu.externaltools.gnu-tools-for-stm32.11.3.rel1.linux64_1.1.0.202305231506/tools/bin/../lib/gcc/arm-none-eabi/11.3.1/../../../../arm-none-eabi/lib/thumb/v7e-m+fp/hard/libc_nano.a(libc_a-sbrkr.o)
                0x00000000080054d0                _sbrk_r
 .text._realloc_r
                0x00000000080054f0       0x5e /opt/st/stm32cubeide_1.13.1/plugins/com.st.stm32cube.ide.mcu.externaltools.gnu-tools-for-stm32.11.3.rel1.linux64_1.1.0.202305231506/tools/bin/../lib/gcc/arm-none-eabi/11.3.1/../../../../arm-none-eabi/lib/thumb/v7e-m+fp/hard/libc_nano.a(libc_a-reallocr.o)
                0x00000000080054f0                _realloc_r
 .text._malloc_usable_size_r
                0x000000000800554e       0x10 /opt/st/stm32cubeide_1.13.1/plugins/com.st.stm32cube.ide.mcu.externaltools.gnu-tools-for-stm32.11.3.rel1.linux64_1.1.0.202305231506/tools/bin/../lib/gcc/arm-none-eabi/11.3.1/../../../../arm-none-eabi/lib/thumb/v7e-m+fp/hard/libc_nano.a(libc_a-msizer.o)
                0x000000000800554e                _malloc_usable_size_r
 *(.glue_7)
 .glue_7        0x000000000800555e        0x0 linker stubs
 *(.glue_7t)
 .glue_7t       0x000000000800555e        0x0 linker stubs
 *(.eh_frame)
 *fill*         0x000000000800555e        0x2 
 .eh_frame      0x0000000008005560        0x0 /opt/st/stm32cubeide_1.13.1/plugins/com.st.stm32cube.ide.mcu.externaltools.gnu-tools-for-stm32.11.3.rel1.linux64_1.1.0.202305231506/tools/bin/../lib/gcc/arm-none-eabi/11.3.1/thumb/v7e-m+fp/hard/crtbegin.o
 *(.init)
 .init          0x0000000008005560        0x4 /opt/st/stm32cubeide_1.13.1/plugins/com.st.stm32cube.ide.mcu.externaltools.gnu-tools-for-stm32.11.3.rel1.linux64_1.1.0.202305231506/tools/bin/../lib/gcc/arm-none-eabi/11.3.1/thumb/v7e-m+fp/hard/crti.o
                0x0000000008005560                _init
 .init          0x0000000008005564        0x8 /opt/st/stm32cubeide_1.13.1/plugins/com.st.stm32cube.ide.mcu.externaltools.gnu-tools-for-stm32.11.3.rel1.linux64_1.1.0.202305231506/tools/bin/../lib/gcc/arm-none-eabi/11.3.1/thumb/v7e-m+fp/hard/crtn.o
 *(.fini)
 .fini          0x000000000800556c        0x4 /opt/st/stm32cubeide_1.13.1/plugins/com.st.stm32cube.ide.mcu.externaltools.gnu-tools-for-stm32.11.3.rel1.linux64_1.1.0.202305231506/tools/bin/../lib/gcc/arm-none-eabi/11.3.1/thumb/v7e-m+fp/hard/crti.o
                0x000000000800556c                _fini
 .fini          0x0000000008005570        0x8 /opt/st/stm32cubeide_1.13.1/plugins/com.st.stm32cube.ide.mcu.externaltools.gnu-tools-for-stm32.11.3.rel1.linux64_1.1.0.202305231506/tools/bin/../lib/gcc/arm-none-eabi/11.3.1/thumb/v7e-m+fp/hard/crtn.o
                0x0000000008005578                . = ALIGN (0x4)
                0x0000000008005578                _etext = .

.vfp11_veneer   0x0000000008005578        0x0
 .vfp11_veneer  0x0000000008005578        0x0 linker stubs

.v4_bx          0x0000000008005578        0x0
 .v4_bx         0x0000000008005578        0x0 linker stubs

.iplt           0x0000000008005578        0x0
 .iplt          0x0000000008005578        0x0 /opt/st/stm32cubeide_1.13.1/plugins/com.st.stm32cube.ide.mcu.externaltools.gnu-tools-for-stm32.11.3.rel1.linux64_1.1.0.202305231506/tools/bin/../lib/gcc/arm-none-eabi/11.3.1/thumb/v7e-m+fp/hard/crtbegin.o

.rodata         0x0000000008005578     0x259c
                0x0000000008005578                . = ALIGN (0x4)
 *(.rodata)
 .rodata        0x0000000008005578        0xb ./Core/Src/main.o
 *fill*         0x0000000008005583        0x1 
 .rodata        0x0000000008005584        0x7 ./Drivers/TMP102/tmp102.o
 *(.rodata*)
 *fill*         0x000000000800558b        0x1 
 .rodata.AHBPrescTable
                0x000000000800558c       0x10 ./Core/Src/system_stm32f3xx.o
                0x000000000800558c                AHBPrescTable
 .rodata.APBPrescTable
                0x000000000800559c        0x8 ./Core/Src/system_stm32f3xx.o
                0x000000000800559c                APBPrescTable
 .rodata.aPLLMULFactorTable
                0x00000000080055a4       0x10 ./Drivers/STM32F3xx_HAL_Driver/Src/stm32f3xx_hal_rcc.o
 .rodata.aPredivFactorTable
                0x00000000080055b4       0x10 ./Drivers/STM32F3xx_HAL_Driver/Src/stm32f3xx_hal_rcc.o
 .rodata.Font11x18
                0x00000000080055c4      0xd5c ./Drivers/ssd1306/ssd1306_fonts.o
 .rodata.Font6x8
                0x0000000008006320      0x5f0 ./Drivers/ssd1306/ssd1306_fonts.o
 .rodata.Font16x24
                0x0000000008006910     0x11d0 ./Drivers/ssd1306/ssd1306_fonts.o
 .rodata._svfprintf_r.str1.1
                0x0000000008007ae0       0x11 /opt/st/stm32cubeide_1.13.1/plugins/com.st.stm32cube.ide.mcu.externaltools.gnu-tools-for-stm32.11.3.rel1.linux64_1.1.0.202305231506/tools/bin/../lib/gcc/arm-none-eabi/11.3.1/../../../../arm-none-eabi/lib/thumb/v7e-m+fp/hard/libc_nano.a(libc_a-nano-svfprintf.o)
 .rodata._printf_i.str1.1
                0x0000000008007af1       0x22 /opt/st/stm32cubeide_1.13.1/plugins/com.st.stm32cube.ide.mcu.externaltools.gnu-tools-for-stm32.11.3.rel1.linux64_1.1.0.202305231506/tools/bin/../lib/gcc/arm-none-eabi/11.3.1/../../../../arm-none-eabi/lib/thumb/v7e-m+fp/hard/libc_nano.a(libc_a-nano-vfprintf_i.o)
                0x0000000008007b14                . = ALIGN (0x4)
 *fill*         0x0000000008007b13        0x1 

.rel.dyn        0x0000000008007b14        0x0
 .rel.iplt      0x0000000008007b14        0x0 /opt/st/stm32cubeide_1.13.1/plugins/com.st.stm32cube.ide.mcu.externaltools.gnu-tools-for-stm32.11.3.rel1.linux64_1.1.0.202305231506/tools/bin/../lib/gcc/arm-none-eabi/11.3.1/thumb/v7e-m+fp/hard/crtbegin.o

.ARM.extab      0x0000000008007b14        0x0
                0x0000000008007b14                . = ALIGN (0x4)
 *(.ARM.extab* .gnu.linkonce.armextab.*)
                0x0000000008007b14                . = ALIGN (0x4)

.ARM            0x0000000008007b14        0x0
                0x0000000008007b14                . = ALIGN (0x4)
                0x0000000008007b14                __exidx_start = .
 *(.ARM.exidx*)
                0x0000000008007b14                __exidx_end = .
                0x0000000008007b14                . = ALIGN (0x4)

.preinit_array  0x0000000008007b14        0x0
                0x0000000008007b14                . = ALIGN (0x4)
                0x0000000008007b14                PROVIDE (__preinit_array_start = .)
 *(.preinit_array*)
                0x0000000008007b14                PROVIDE (__preinit_array_end = .)
                0x0000000008007b14                . = ALIGN (0x4)

.init_array     0x0000000008007b14        0x4
                0x0000000008007b14                . = ALIGN (0x4)
                0x0000000008007b14                PROVIDE (__init_array_start = .)
 *(SORT_BY_NAME(.init_array.*))
 *(.init_array*)
 .init_array    0x0000000008007b14        0x4 /opt/st/stm32cubeide_1.13.1/plugins/com.st.stm32cube.ide.mcu.externaltools.gnu-tools-for-stm32.11.3.rel1.linux64_1.1.0.202305231506/tools/bin/../lib/gcc/arm-none-eabi/11.3.1/thumb/v7e-m+fp/hard/crtbegin.o
                0x0000000008007b18                PROVIDE (__init_array_end = .)
                0x0000000008007b18                . = ALIGN (0x4)

.fini_array     0x0000000008007b18        0x4
                0x0000000008007b18                . = ALIGN (0x4)
                [!provide]                        PROVIDE (__fini_array_start = .)
 *(SORT_BY_NAME(.fini_array.*))
 *(.fini_array*)
 .fini_array    0x0000000008007b18        0x4 /opt/st/stm32cubeide_1.13.1/plugins/com.st.stm32cube.ide.mcu.externaltools.gnu-tools-for-stm32.11.3.rel1.linux64_1.1.0.202305231506/tools/bin/../lib/gcc/arm-none-eabi/11.3.1/thumb/v7e-m+fp/hard/crtbegin.o
                [!provide]                        PROVIDE (__fini_array_end = .)
                0x0000000008007b1c                . = ALIGN (0x4)
                0x0000000008007b1c                _sidata = LOADADDR (.data)

.data           0x0000000020000000       0x74 load address 0x0000000008007b1c
                0x0000000020000000                . = ALIGN (0x4)
                0x0000000020000000                _sdata = .
 *(.data)
 *(.data*)
 .data.SystemCoreClock
                0x0000000020000000        0x4 ./Core/Src/system_stm32f3xx.o
                0x0000000020000000                SystemCoreClock
 .data.uwTickPrio
                0x0000000020000004        0x4 ./Drivers/STM32F3xx_HAL_Driver/Src/stm32f3xx_hal.o
                0x0000000020000004                uwTickPrio
 .data.uwTickFreq
                0x0000000020000008        0x1 ./Drivers/STM32F3xx_HAL_Driver/Src/stm32f3xx_hal.o
                0x0000000020000008                uwTickFreq
 *fill*         0x0000000020000009        0x3 
 .data.Font_6x8
                0x000000002000000c        0x8 ./Drivers/ssd1306/ssd1306_fonts.o
                0x000000002000000c                Font_6x8
 .data.Font_11x18
                0x0000000020000014        0x8 ./Drivers/ssd1306/ssd1306_fonts.o
                0x0000000020000014                Font_11x18
 .data.Font_16x24
                0x000000002000001c        0x8 ./Drivers/ssd1306/ssd1306_fonts.o
                0x000000002000001c                Font_16x24
 .data._impure_data
                0x0000000020000024       0x4c /opt/st/stm32cubeide_1.13.1/plugins/com.st.stm32cube.ide.mcu.externaltools.gnu-tools-for-stm32.11.3.rel1.linux64_1.1.0.202305231506/tools/bin/../lib/gcc/arm-none-eabi/11.3.1/../../../../arm-none-eabi/lib/thumb/v7e-m+fp/hard/libc_nano.a(libc_a-impure.o)
                0x0000000020000024                _impure_data
 .data._impure_ptr
                0x0000000020000070        0x4 /opt/st/stm32cubeide_1.13.1/plugins/com.st.stm32cube.ide.mcu.externaltools.gnu-tools-for-stm32.11.3.rel1.linux64_1.1.0.202305231506/tools/bin/../lib/gcc/arm-none-eabi/11.3.1/../../../../arm-none-eabi/lib/thumb/v7e-m+fp/hard/libc_nano.a(libc_a-impure.o)
                0x0000000020000070                _impure_ptr
 *(.RamFunc)
 *(.RamFunc*)
                0x0000000020000074                . = ALIGN (0x4)
                0x0000000020000074                _edata = .

.igot.plt       0x0000000020000074        0x0 load address 0x0000000008007b90
 .igot.plt      0x0000000020000074        0x0 /opt/st/stm32cubeide_1.13.1/plugins/com.st.stm32cube.ide.mcu.externaltools.gnu-tools-for-stm32.11.3.rel1.linux64_1.1.0.202305231506/tools/bin/../lib/gcc/arm-none-eabi/11.3.1/thumb/v7e-m+fp/hard/crtbegin.o
                0x0000000020000074                . = ALIGN (0x4)

.bss            0x0000000020000074      0x6b8 load address 0x0000000008007b90
                0x0000000020000074                _sbss = .
                0x0000000020000074                __bss_start__ = _sbss
 *(.bss)
 .bss           0x0000000020000074       0x1c /opt/st/stm32cubeide_1.13.1/plugins/com.st.stm32cube.ide.mcu.externaltools.gnu-tools-for-stm32.11.3.rel1.linux64_1.1.0.202305231506/tools/bin/../lib/gcc/arm-none-eabi/11.3.1/thumb/v7e-m+fp/hard/crtbegin.o
 *(.bss*)
 .bss.hi2c1     0x0000000020000090       0x54 ./Core/Src/main.o
                0x0000000020000090                hi2c1
 .bss.hi2c2     0x00000000200000e4       0x54 ./Core/Src/main.o
                0x00000000200000e4                hi2c2
 .bss.huart2    0x0000000020000138       0x88 ./Core/Src/main.o
                0x0000000020000138                huart2
 .bss.__sbrk_heap_end
                0x00000000200001c0        0x4 ./Core/Src/sysmem.o
 .bss.uwTick    0x00000000200001c4        0x4 ./Drivers/STM32F3xx_HAL_Driver/Src/stm32f3xx_hal.o
                0x00000000200001c4                uwTick
 .bss.buf       0x00000000200001c8        0xc ./Drivers/TMP102/tmp102.o
                0x00000000200001c8                buf
 .bss.val       0x00000000200001d4        0x2 ./Drivers/TMP102/tmp102.o
                0x00000000200001d4                val
 *fill*         0x00000000200001d6        0x2 
 .bss.temp_c    0x00000000200001d8        0x4 ./Drivers/TMP102/tmp102.o
                0x00000000200001d8                temp_c
 .bss.SSD1306_Buffer
                0x00000000200001dc      0x400 ./Drivers/ssd1306/ssd1306.o
 .bss.SSD1306   0x00000000200005dc        0x6 ./Drivers/ssd1306/ssd1306.o
 *fill*         0x00000000200005e2        0x2 
 .bss.__sf      0x00000000200005e4      0x138 /opt/st/stm32cubeide_1.13.1/plugins/com.st.stm32cube.ide.mcu.externaltools.gnu-tools-for-stm32.11.3.rel1.linux64_1.1.0.202305231506/tools/bin/../lib/gcc/arm-none-eabi/11.3.1/../../../../arm-none-eabi/lib/thumb/v7e-m+fp/hard/libc_nano.a(libc_a-findfp.o)
                0x00000000200005e4                __sf
 .bss.errno     0x000000002000071c        0x4 /opt/st/stm32cubeide_1.13.1/plugins/com.st.stm32cube.ide.mcu.externaltools.gnu-tools-for-stm32.11.3.rel1.linux64_1.1.0.202305231506/tools/bin/../lib/gcc/arm-none-eabi/11.3.1/../../../../arm-none-eabi/lib/thumb/v7e-m+fp/hard/libc_nano.a(libc_a-reent.o)
                0x000000002000071c                errno
 .bss.__lock___malloc_recursive_mutex
                0x0000000020000720        0x1 /opt/st/stm32cubeide_1.13.1/plugins/com.st.stm32cube.ide.mcu.externaltools.gnu-tools-for-stm32.11.3.rel1.linux64_1.1.0.202305231506/tools/bin/../lib/gcc/arm-none-eabi/11.3.1/../../../../arm-none-eabi/lib/thumb/v7e-m+fp/hard/libc_nano.a(libc_a-lock.o)
                0x0000000020000720                __lock___malloc_recursive_mutex
 *fill*         0x0000000020000721        0x3 
 .bss.__malloc_free_list
                0x0000000020000724        0x4 /opt/st/stm32cubeide_1.13.1/plugins/com.st.stm32cube.ide.mcu.externaltools.gnu-tools-for-stm32.11.3.rel1.linux64_1.1.0.202305231506/tools/bin/../lib/gcc/arm-none-eabi/11.3.1/../../../../arm-none-eabi/lib/thumb/v7e-m+fp/hard/libc_nano.a(libc_a-mallocr.o)
                0x0000000020000724                __malloc_free_list
 .bss.__malloc_sbrk_start
                0x0000000020000728        0x4 /opt/st/stm32cubeide_1.13.1/plugins/com.st.stm32cube.ide.mcu.externaltools.gnu-tools-for-stm32.11.3.rel1.linux64_1.1.0.202305231506/tools/bin/../lib/gcc/arm-none-eabi/11.3.1/../../../../arm-none-eabi/lib/thumb/v7e-m+fp/hard/libc_nano.a(libc_a-mallocr.o)
                0x0000000020000728                __malloc_sbrk_start
 *(COMMON)
                0x000000002000072c                . = ALIGN (0x4)
                0x000000002000072c                _ebss = .
                0x000000002000072c                __bss_end__ = _ebss

._user_heap_stack
                0x000000002000072c      0x604 load address 0x0000000008007b90
                0x0000000020000730                . = ALIGN (0x8)
 *fill*         0x000000002000072c        0x4 
                [!provide]                        PROVIDE (end = .)
                0x0000000020000730                PROVIDE (_end = .)
                0x0000000020000930                . = (. + _Min_Heap_Size)
 *fill*         0x0000000020000730      0x200 
                0x0000000020000d30                . = (. + _Min_Stack_Size)
 *fill*         0x0000000020000930      0x400 
                0x0000000020000d30                . = ALIGN (0x8)

/DISCARD/
 libc.a(*)
 libm.a(*)
 libgcc.a(*)

.ARM.attributes
                0x0000000000000000       0x30
 *(.ARM.attributes)
 .ARM.attributes
                0x0000000000000000       0x1e /opt/st/stm32cubeide_1.13.1/plugins/com.st.stm32cube.ide.mcu.externaltools.gnu-tools-for-stm32.11.3.rel1.linux64_1.1.0.202305231506/tools/bin/../lib/gcc/arm-none-eabi/11.3.1/thumb/v7e-m+fp/hard/crti.o
 .ARM.attributes
                0x000000000000001e       0x34 /opt/st/stm32cubeide_1.13.1/plugins/com.st.stm32cube.ide.mcu.externaltools.gnu-tools-for-stm32.11.3.rel1.linux64_1.1.0.202305231506/tools/bin/../lib/gcc/arm-none-eabi/11.3.1/thumb/v7e-m+fp/hard/crtbegin.o
 .ARM.attributes
                0x0000000000000052       0x34 ./Core/Src/main.o
 .ARM.attributes
                0x0000000000000086       0x34 ./Core/Src/stm32f3xx_hal_msp.o
 .ARM.attributes
                0x00000000000000ba       0x34 ./Core/Src/stm32f3xx_it.o
 .ARM.attributes
                0x00000000000000ee       0x34 ./Core/Src/sysmem.o
 .ARM.attributes
                0x0000000000000122       0x34 ./Core/Src/system_stm32f3xx.o
 .ARM.attributes
                0x0000000000000156       0x21 ./Core/Startup/startup_stm32f302r8tx.o
 .ARM.attributes
                0x0000000000000177       0x34 ./Drivers/STM32F3xx_HAL_Driver/Src/stm32f3xx_hal.o
 .ARM.attributes
                0x00000000000001ab       0x34 ./Drivers/STM32F3xx_HAL_Driver/Src/stm32f3xx_hal_cortex.o
 .ARM.attributes
                0x00000000000001df       0x34 ./Drivers/STM32F3xx_HAL_Driver/Src/stm32f3xx_hal_gpio.o
 .ARM.attributes
                0x0000000000000213       0x34 ./Drivers/STM32F3xx_HAL_Driver/Src/stm32f3xx_hal_i2c.o
 .ARM.attributes
                0x0000000000000247       0x34 ./Drivers/STM32F3xx_HAL_Driver/Src/stm32f3xx_hal_i2c_ex.o
 .ARM.attributes
                0x000000000000027b       0x34 ./Drivers/STM32F3xx_HAL_Driver/Src/stm32f3xx_hal_rcc.o
 .ARM.attributes
                0x00000000000002af       0x34 ./Drivers/STM32F3xx_HAL_Driver/Src/stm32f3xx_hal_rcc_ex.o
 .ARM.attributes
                0x00000000000002e3       0x34 ./Drivers/STM32F3xx_HAL_Driver/Src/stm32f3xx_hal_uart.o
 .ARM.attributes
                0x0000000000000317       0x34 ./Drivers/TMP102/tmp102.o
 .ARM.attributes
                0x000000000000034b       0x34 ./Drivers/ssd1306/ssd1306.o
 .ARM.attributes
                0x000000000000037f       0x34 ./Drivers/ssd1306/ssd1306_fonts.o
 .ARM.attributes
                0x00000000000003b3       0x34 /opt/st/stm32cubeide_1.13.1/plugins/com.st.stm32cube.ide.mcu.externaltools.gnu-tools-for-stm32.11.3.rel1.linux64_1.1.0.202305231506/tools/bin/../lib/gcc/arm-none-eabi/11.3.1/../../../../arm-none-eabi/lib/thumb/v7e-m+fp/hard/libc_nano.a(libc_a-findfp.o)
 .ARM.attributes
                0x00000000000003e7       0x34 /opt/st/stm32cubeide_1.13.1/plugins/com.st.stm32cube.ide.mcu.externaltools.gnu-tools-for-stm32.11.3.rel1.linux64_1.1.0.202305231506/tools/bin/../lib/gcc/arm-none-eabi/11.3.1/../../../../arm-none-eabi/lib/thumb/v7e-m+fp/hard/libc_nano.a(libc_a-sprintf.o)
 .ARM.attributes
                0x000000000000041b       0x34 /opt/st/stm32cubeide_1.13.1/plugins/com.st.stm32cube.ide.mcu.externaltools.gnu-tools-for-stm32.11.3.rel1.linux64_1.1.0.202305231506/tools/bin/../lib/gcc/arm-none-eabi/11.3.1/../../../../arm-none-eabi/lib/thumb/v7e-m+fp/hard/libc_nano.a(libc_a-memset.o)
 .ARM.attributes
                0x000000000000044f       0x34 /opt/st/stm32cubeide_1.13.1/plugins/com.st.stm32cube.ide.mcu.externaltools.gnu-tools-for-stm32.11.3.rel1.linux64_1.1.0.202305231506/tools/bin/../lib/gcc/arm-none-eabi/11.3.1/../../../../arm-none-eabi/lib/thumb/v7e-m+fp/hard/libc_nano.a(libc_a-reent.o)
 .ARM.attributes
                0x0000000000000483       0x34 /opt/st/stm32cubeide_1.13.1/plugins/com.st.stm32cube.ide.mcu.externaltools.gnu-tools-for-stm32.11.3.rel1.linux64_1.1.0.202305231506/tools/bin/../lib/gcc/arm-none-eabi/11.3.1/../../../../arm-none-eabi/lib/thumb/v7e-m+fp/hard/libc_nano.a(libc_a-impure.o)
 .ARM.attributes
                0x00000000000004b7       0x34 /opt/st/stm32cubeide_1.13.1/plugins/com.st.stm32cube.ide.mcu.externaltools.gnu-tools-for-stm32.11.3.rel1.linux64_1.1.0.202305231506/tools/bin/../lib/gcc/arm-none-eabi/11.3.1/../../../../arm-none-eabi/lib/thumb/v7e-m+fp/hard/libc_nano.a(libc_a-errno.o)
 .ARM.attributes
                0x00000000000004eb       0x34 /opt/st/stm32cubeide_1.13.1/plugins/com.st.stm32cube.ide.mcu.externaltools.gnu-tools-for-stm32.11.3.rel1.linux64_1.1.0.202305231506/tools/bin/../lib/gcc/arm-none-eabi/11.3.1/../../../../arm-none-eabi/lib/thumb/v7e-m+fp/hard/libc_nano.a(libc_a-init.o)
 .ARM.attributes
                0x000000000000051f       0x34 /opt/st/stm32cubeide_1.13.1/plugins/com.st.stm32cube.ide.mcu.externaltools.gnu-tools-for-stm32.11.3.rel1.linux64_1.1.0.202305231506/tools/bin/../lib/gcc/arm-none-eabi/11.3.1/../../../../arm-none-eabi/lib/thumb/v7e-m+fp/hard/libc_nano.a(libc_a-lock.o)
 .ARM.attributes
                0x0000000000000553       0x34 /opt/st/stm32cubeide_1.13.1/plugins/com.st.stm32cube.ide.mcu.externaltools.gnu-tools-for-stm32.11.3.rel1.linux64_1.1.0.202305231506/tools/bin/../lib/gcc/arm-none-eabi/11.3.1/../../../../arm-none-eabi/lib/thumb/v7e-m+fp/hard/libc_nano.a(libc_a-memcpy-stub.o)
 .ARM.attributes
                0x0000000000000587       0x34 /opt/st/stm32cubeide_1.13.1/plugins/com.st.stm32cube.ide.mcu.externaltools.gnu-tools-for-stm32.11.3.rel1.linux64_1.1.0.202305231506/tools/bin/../lib/gcc/arm-none-eabi/11.3.1/../../../../arm-none-eabi/lib/thumb/v7e-m+fp/hard/libc_nano.a(libc_a-freer.o)
 .ARM.attributes
                0x00000000000005bb       0x34 /opt/st/stm32cubeide_1.13.1/plugins/com.st.stm32cube.ide.mcu.externaltools.gnu-tools-for-stm32.11.3.rel1.linux64_1.1.0.202305231506/tools/bin/../lib/gcc/arm-none-eabi/11.3.1/../../../../arm-none-eabi/lib/thumb/v7e-m+fp/hard/libc_nano.a(libc_a-mallocr.o)
 .ARM.attributes
                0x00000000000005ef       0x34 /opt/st/stm32cubeide_1.13.1/plugins/com.st.stm32cube.ide.mcu.externaltools.gnu-tools-for-stm32.11.3.rel1.linux64_1.1.0.202305231506/tools/bin/../lib/gcc/arm-none-eabi/11.3.1/../../../../arm-none-eabi/lib/thumb/v7e-m+fp/hard/libc_nano.a(libc_a-mlock.o)
 .ARM.attributes
                0x0000000000000623       0x34 /opt/st/stm32cubeide_1.13.1/plugins/com.st.stm32cube.ide.mcu.externaltools.gnu-tools-for-stm32.11.3.rel1.linux64_1.1.0.202305231506/tools/bin/../lib/gcc/arm-none-eabi/11.3.1/../../../../arm-none-eabi/lib/thumb/v7e-m+fp/hard/libc_nano.a(libc_a-nano-svfprintf.o)
 .ARM.attributes
                0x0000000000000657       0x34 /opt/st/stm32cubeide_1.13.1/plugins/com.st.stm32cube.ide.mcu.externaltools.gnu-tools-for-stm32.11.3.rel1.linux64_1.1.0.202305231506/tools/bin/../lib/gcc/arm-none-eabi/11.3.1/../../../../arm-none-eabi/lib/thumb/v7e-m+fp/hard/libc_nano.a(libc_a-nano-vfprintf_i.o)
 .ARM.attributes
                0x000000000000068b       0x34 /opt/st/stm32cubeide_1.13.1/plugins/com.st.stm32cube.ide.mcu.externaltools.gnu-tools-for-stm32.11.3.rel1.linux64_1.1.0.202305231506/tools/bin/../lib/gcc/arm-none-eabi/11.3.1/../../../../arm-none-eabi/lib/thumb/v7e-m+fp/hard/libc_nano.a(libc_a-memmove.o)
 .ARM.attributes
                0x00000000000006bf       0x34 /opt/st/stm32cubeide_1.13.1/plugins/com.st.stm32cube.ide.mcu.externaltools.gnu-tools-for-stm32.11.3.rel1.linux64_1.1.0.202305231506/tools/bin/../lib/gcc/arm-none-eabi/11.3.1/../../../../arm-none-eabi/lib/thumb/v7e-m+fp/hard/libc_nano.a(libc_a-sbrkr.o)
 .ARM.attributes
                0x00000000000006f3       0x1c /opt/st/stm32cubeide_1.13.1/plugins/com.st.stm32cube.ide.mcu.externaltools.gnu-tools-for-stm32.11.3.rel1.linux64_1.1.0.202305231506/tools/bin/../lib/gcc/arm-none-eabi/11.3.1/../../../../arm-none-eabi/lib/thumb/v7e-m+fp/hard/libc_nano.a(libc_a-memchr.o)
 .ARM.attributes
                0x000000000000070f       0x34 /opt/st/stm32cubeide_1.13.1/plugins/com.st.stm32cube.ide.mcu.externaltools.gnu-tools-for-stm32.11.3.rel1.linux64_1.1.0.202305231506/tools/bin/../lib/gcc/arm-none-eabi/11.3.1/../../../../arm-none-eabi/lib/thumb/v7e-m+fp/hard/libc_nano.a(libc_a-reallocr.o)
 .ARM.attributes
                0x0000000000000743       0x34 /opt/st/stm32cubeide_1.13.1/plugins/com.st.stm32cube.ide.mcu.externaltools.gnu-tools-for-stm32.11.3.rel1.linux64_1.1.0.202305231506/tools/bin/../lib/gcc/arm-none-eabi/11.3.1/../../../../arm-none-eabi/lib/thumb/v7e-m+fp/hard/libc_nano.a(libc_a-msizer.o)
 .ARM.attributes
                0x0000000000000777       0x1e /opt/st/stm32cubeide_1.13.1/plugins/com.st.stm32cube.ide.mcu.externaltools.gnu-tools-for-stm32.11.3.rel1.linux64_1.1.0.202305231506/tools/bin/../lib/gcc/arm-none-eabi/11.3.1/thumb/v7e-m+fp/hard/libgcc.a(_arm_addsubdf3.o)
 .ARM.attributes
                0x0000000000000795       0x1e /opt/st/stm32cubeide_1.13.1/plugins/com.st.stm32cube.ide.mcu.externaltools.gnu-tools-for-stm32.11.3.rel1.linux64_1.1.0.202305231506/tools/bin/../lib/gcc/arm-none-eabi/11.3.1/thumb/v7e-m+fp/hard/libgcc.a(_arm_muldivdf3.o)
 .ARM.attributes
                0x00000000000007b3       0x1e /opt/st/stm32cubeide_1.13.1/plugins/com.st.stm32cube.ide.mcu.externaltools.gnu-tools-for-stm32.11.3.rel1.linux64_1.1.0.202305231506/tools/bin/../lib/gcc/arm-none-eabi/11.3.1/thumb/v7e-m+fp/hard/libgcc.a(_arm_truncdfsf2.o)
 .ARM.attributes
                0x00000000000007d1       0x1e /opt/st/stm32cubeide_1.13.1/plugins/com.st.stm32cube.ide.mcu.externaltools.gnu-tools-for-stm32.11.3.rel1.linux64_1.1.0.202305231506/tools/bin/../lib/gcc/arm-none-eabi/11.3.1/thumb/v7e-m+fp/hard/crtn.o
OUTPUT(I2C.elf elf32-littlearm)
LOAD linker stubs
LOAD /opt/st/stm32cubeide_1.13.1/plugins/com.st.stm32cube.ide.mcu.externaltools.gnu-tools-for-stm32.11.3.rel1.linux64_1.1.0.202305231506/tools/bin/../lib/gcc/arm-none-eabi/11.3.1/../../../../arm-none-eabi/lib/thumb/v7e-m+fp/hard/libc.a
LOAD /opt/st/stm32cubeide_1.13.1/plugins/com.st.stm32cube.ide.mcu.externaltools.gnu-tools-for-stm32.11.3.rel1.linux64_1.1.0.202305231506/tools/bin/../lib/gcc/arm-none-eabi/11.3.1/../../../../arm-none-eabi/lib/thumb/v7e-m+fp/hard/libm.a
LOAD /opt/st/stm32cubeide_1.13.1/plugins/com.st.stm32cube.ide.mcu.externaltools.gnu-tools-for-stm32.11.3.rel1.linux64_1.1.0.202305231506/tools/bin/../lib/gcc/arm-none-eabi/11.3.1/thumb/v7e-m+fp/hard/libgcc.a

.comment        0x0000000000000000       0x43
 .comment       0x0000000000000000       0x43 /opt/st/stm32cubeide_1.13.1/plugins/com.st.stm32cube.ide.mcu.externaltools.gnu-tools-for-stm32.11.3.rel1.linux64_1.1.0.202305231506/tools/bin/../lib/gcc/arm-none-eabi/11.3.1/thumb/v7e-m+fp/hard/crtbegin.o
                                         0x44 (size before relaxing)
 .comment       0x0000000000000043       0x44 ./Core/Src/main.o
 .comment       0x0000000000000043       0x44 ./Core/Src/stm32f3xx_hal_msp.o
 .comment       0x0000000000000043       0x44 ./Core/Src/stm32f3xx_it.o
 .comment       0x0000000000000043       0x44 ./Core/Src/sysmem.o
 .comment       0x0000000000000043       0x44 ./Core/Src/system_stm32f3xx.o
 .comment       0x0000000000000043       0x44 ./Drivers/STM32F3xx_HAL_Driver/Src/stm32f3xx_hal.o
 .comment       0x0000000000000043       0x44 ./Drivers/STM32F3xx_HAL_Driver/Src/stm32f3xx_hal_cortex.o
 .comment       0x0000000000000043       0x44 ./Drivers/STM32F3xx_HAL_Driver/Src/stm32f3xx_hal_gpio.o
 .comment       0x0000000000000043       0x44 ./Drivers/STM32F3xx_HAL_Driver/Src/stm32f3xx_hal_i2c.o
 .comment       0x0000000000000043       0x44 ./Drivers/STM32F3xx_HAL_Driver/Src/stm32f3xx_hal_i2c_ex.o
 .comment       0x0000000000000043       0x44 ./Drivers/STM32F3xx_HAL_Driver/Src/stm32f3xx_hal_rcc.o
 .comment       0x0000000000000043       0x44 ./Drivers/STM32F3xx_HAL_Driver/Src/stm32f3xx_hal_rcc_ex.o
 .comment       0x0000000000000043       0x44 ./Drivers/STM32F3xx_HAL_Driver/Src/stm32f3xx_hal_uart.o
 .comment       0x0000000000000043       0x44 ./Drivers/TMP102/tmp102.o
 .comment       0x0000000000000043       0x44 ./Drivers/ssd1306/ssd1306.o
 .comment       0x0000000000000043       0x44 ./Drivers/ssd1306/ssd1306_fonts.o

.debug_info     0x0000000000000000     0xd4e7
 .debug_info    0x0000000000000000     0x11b9 ./Core/Src/main.o
 .debug_info    0x00000000000011b9      0xce1 ./Core/Src/stm32f3xx_hal_msp.o
 .debug_info    0x0000000000001e9a      0x113 ./Core/Src/stm32f3xx_it.o
 .debug_info    0x0000000000001fad      0x168 ./Core/Src/sysmem.o
 .debug_info    0x0000000000002115      0x407 ./Core/Src/system_stm32f3xx.o
 .debug_info    0x000000000000251c       0x23 ./Core/Startup/startup_stm32f302r8tx.o
 .debug_info    0x000000000000253f      0x774 ./Drivers/STM32F3xx_HAL_Driver/Src/stm32f3xx_hal.o
 .debug_info    0x0000000000002cb3      0xab1 ./Drivers/STM32F3xx_HAL_Driver/Src/stm32f3xx_hal_cortex.o
 .debug_info    0x0000000000003764      0x5fe ./Drivers/STM32F3xx_HAL_Driver/Src/stm32f3xx_hal_gpio.o
 .debug_info    0x0000000000003d62     0x2048 ./Drivers/STM32F3xx_HAL_Driver/Src/stm32f3xx_hal_i2c.o
 .debug_info    0x0000000000005daa      0x824 ./Drivers/STM32F3xx_HAL_Driver/Src/stm32f3xx_hal_i2c_ex.o
 .debug_info    0x00000000000065ce     0x14f1 ./Drivers/STM32F3xx_HAL_Driver/Src/stm32f3xx_hal_rcc.o
 .debug_info    0x0000000000007abf      0x5b2 ./Drivers/STM32F3xx_HAL_Driver/Src/stm32f3xx_hal_rcc_ex.o
 .debug_info    0x0000000000008071     0x39a8 ./Drivers/STM32F3xx_HAL_Driver/Src/stm32f3xx_hal_uart.o
 .debug_info    0x000000000000ba19      0x71b ./Drivers/TMP102/tmp102.o
 .debug_info    0x000000000000c134     0x119d ./Drivers/ssd1306/ssd1306.o
 .debug_info    0x000000000000d2d1      0x216 ./Drivers/ssd1306/ssd1306_fonts.o

.debug_abbrev   0x0000000000000000     0x2000
 .debug_abbrev  0x0000000000000000      0x307 ./Core/Src/main.o
 .debug_abbrev  0x0000000000000307      0x1b2 ./Core/Src/stm32f3xx_hal_msp.o
 .debug_abbrev  0x00000000000004b9       0x73 ./Core/Src/stm32f3xx_it.o
 .debug_abbrev  0x000000000000052c       0xbc ./Core/Src/sysmem.o
 .debug_abbrev  0x00000000000005e8      0x11a ./Core/Src/system_stm32f3xx.o
 .debug_abbrev  0x0000000000000702       0x12 ./Core/Startup/startup_stm32f302r8tx.o
 .debug_abbrev  0x0000000000000714      0x215 ./Drivers/STM32F3xx_HAL_Driver/Src/stm32f3xx_hal.o
 .debug_abbrev  0x0000000000000929      0x2f8 ./Drivers/STM32F3xx_HAL_Driver/Src/stm32f3xx_hal_cortex.o
 .debug_abbrev  0x0000000000000c21      0x1ca ./Drivers/STM32F3xx_HAL_Driver/Src/stm32f3xx_hal_gpio.o
 .debug_abbrev  0x0000000000000deb      0x260 ./Drivers/STM32F3xx_HAL_Driver/Src/stm32f3xx_hal_i2c.o
 .debug_abbrev  0x000000000000104b      0x1c2 ./Drivers/STM32F3xx_HAL_Driver/Src/stm32f3xx_hal_i2c_ex.o
 .debug_abbrev  0x000000000000120d      0x300 ./Drivers/STM32F3xx_HAL_Driver/Src/stm32f3xx_hal_rcc.o
 .debug_abbrev  0x000000000000150d      0x232 ./Drivers/STM32F3xx_HAL_Driver/Src/stm32f3xx_hal_rcc_ex.o
 .debug_abbrev  0x000000000000173f      0x2d1 ./Drivers/STM32F3xx_HAL_Driver/Src/stm32f3xx_hal_uart.o
 .debug_abbrev  0x0000000000001a10      0x1bd ./Drivers/TMP102/tmp102.o
 .debug_abbrev  0x0000000000001bcd      0x36d ./Drivers/ssd1306/ssd1306.o
 .debug_abbrev  0x0000000000001f3a       0xc6 ./Drivers/ssd1306/ssd1306_fonts.o

.debug_aranges  0x0000000000000000      0xa80
 .debug_aranges
                0x0000000000000000       0x50 ./Core/Src/main.o
 .debug_aranges
                0x0000000000000050       0x40 ./Core/Src/stm32f3xx_hal_msp.o
 .debug_aranges
                0x0000000000000090       0x60 ./Core/Src/stm32f3xx_it.o
 .debug_aranges
                0x00000000000000f0       0x20 ./Core/Src/sysmem.o
 .debug_aranges
                0x0000000000000110       0x28 ./Core/Src/system_stm32f3xx.o
 .debug_aranges
                0x0000000000000138       0x28 ./Core/Startup/startup_stm32f302r8tx.o
 .debug_aranges
                0x0000000000000160       0xe0 ./Drivers/STM32F3xx_HAL_Driver/Src/stm32f3xx_hal.o
 .debug_aranges
                0x0000000000000240      0x100 ./Drivers/STM32F3xx_HAL_Driver/Src/stm32f3xx_hal_cortex.o
 .debug_aranges
                0x0000000000000340       0x58 ./Drivers/STM32F3xx_HAL_Driver/Src/stm32f3xx_hal_gpio.o
 .debug_aranges
                0x0000000000000398      0x2a0 ./Drivers/STM32F3xx_HAL_Driver/Src/stm32f3xx_hal_i2c.o
 .debug_aranges
                0x0000000000000638       0x48 ./Drivers/STM32F3xx_HAL_Driver/Src/stm32f3xx_hal_i2c_ex.o
 .debug_aranges
                0x0000000000000680       0x88 ./Drivers/STM32F3xx_HAL_Driver/Src/stm32f3xx_hal_rcc.o
 .debug_aranges
                0x0000000000000708       0x38 ./Drivers/STM32F3xx_HAL_Driver/Src/stm32f3xx_hal_rcc_ex.o
 .debug_aranges
                0x0000000000000740      0x228 ./Drivers/STM32F3xx_HAL_Driver/Src/stm32f3xx_hal_uart.o
 .debug_aranges
                0x0000000000000968       0x20 ./Drivers/TMP102/tmp102.o
 .debug_aranges
                0x0000000000000988       0xe0 ./Drivers/ssd1306/ssd1306.o
 .debug_aranges
                0x0000000000000a68       0x18 ./Drivers/ssd1306/ssd1306_fonts.o

.debug_rnglists
                0x0000000000000000      0x815
 .debug_rnglists
                0x0000000000000000       0x3c ./Core/Src/main.o
 .debug_rnglists
                0x000000000000003c       0x2d ./Core/Src/stm32f3xx_hal_msp.o
 .debug_rnglists
                0x0000000000000069       0x43 ./Core/Src/stm32f3xx_it.o
 .debug_rnglists
                0x00000000000000ac       0x13 ./Core/Src/sysmem.o
 .debug_rnglists
                0x00000000000000bf       0x1a ./Core/Src/system_stm32f3xx.o
 .debug_rnglists
                0x00000000000000d9       0x19 ./Core/Startup/startup_stm32f302r8tx.o
 .debug_rnglists
                0x00000000000000f2       0xa3 ./Drivers/STM32F3xx_HAL_Driver/Src/stm32f3xx_hal.o
 .debug_rnglists
                0x0000000000000195       0xbb ./Drivers/STM32F3xx_HAL_Driver/Src/stm32f3xx_hal_cortex.o
 .debug_rnglists
                0x0000000000000250       0x3f ./Drivers/STM32F3xx_HAL_Driver/Src/stm32f3xx_hal_gpio.o
 .debug_rnglists
                0x000000000000028f      0x228 ./Drivers/STM32F3xx_HAL_Driver/Src/stm32f3xx_hal_i2c.o
 .debug_rnglists
                0x00000000000004b7       0x35 ./Drivers/STM32F3xx_HAL_Driver/Src/stm32f3xx_hal_i2c_ex.o
 .debug_rnglists
                0x00000000000004ec       0x66 ./Drivers/STM32F3xx_HAL_Driver/Src/stm32f3xx_hal_rcc.o
 .debug_rnglists
                0x0000000000000552       0x28 ./Drivers/STM32F3xx_HAL_Driver/Src/stm32f3xx_hal_rcc_ex.o
 .debug_rnglists
                0x000000000000057a      0x1da ./Drivers/STM32F3xx_HAL_Driver/Src/stm32f3xx_hal_uart.o
 .debug_rnglists
                0x0000000000000754       0x14 ./Drivers/TMP102/tmp102.o
 .debug_rnglists
                0x0000000000000768       0xad ./Drivers/ssd1306/ssd1306.o

.debug_macro    0x0000000000000000    0x1b0b1
 .debug_macro   0x0000000000000000      0x22e ./Core/Src/main.o
 .debug_macro   0x000000000000022e      0xaa8 ./Core/Src/main.o
 .debug_macro   0x0000000000000cd6      0x151 ./Core/Src/main.o
 .debug_macro   0x0000000000000e27       0x2e ./Core/Src/main.o
 .debug_macro   0x0000000000000e55       0x28 ./Core/Src/main.o
 .debug_macro   0x0000000000000e7d       0x22 ./Core/Src/main.o
 .debug_macro   0x0000000000000e9f       0x8e ./Core/Src/main.o
 .debug_macro   0x0000000000000f2d       0x51 ./Core/Src/main.o
 .debug_macro   0x0000000000000f7e      0x103 ./Core/Src/main.o
 .debug_macro   0x0000000000001081       0x6a ./Core/Src/main.o
 .debug_macro   0x00000000000010eb      0x1df ./Core/Src/main.o
 .debug_macro   0x00000000000012ca       0x1c ./Core/Src/main.o
 .debug_macro   0x00000000000012e6       0x22 ./Core/Src/main.o
 .debug_macro   0x0000000000001308       0xd9 ./Core/Src/main.o
 .debug_macro   0x00000000000013e1      0xf07 ./Core/Src/main.o
 .debug_macro   0x00000000000022e8    0x110e8 ./Core/Src/main.o
 .debug_macro   0x00000000000133d0       0x6d ./Core/Src/main.o
 .debug_macro   0x000000000001343d     0x3558 ./Core/Src/main.o
 .debug_macro   0x0000000000016995      0x174 ./Core/Src/main.o
 .debug_macro   0x0000000000016b09       0x55 ./Core/Src/main.o
 .debug_macro   0x0000000000016b5e      0x8f8 ./Core/Src/main.o
 .debug_macro   0x0000000000017456      0x41b ./Core/Src/main.o
 .debug_macro   0x0000000000017871      0x1b5 ./Core/Src/main.o
 .debug_macro   0x0000000000017a26      0x161 ./Core/Src/main.o
 .debug_macro   0x0000000000017b87      0x1d5 ./Core/Src/main.o
 .debug_macro   0x0000000000017d5c      0x1bc ./Core/Src/main.o
 .debug_macro   0x0000000000017f18       0x34 ./Core/Src/main.o
 .debug_macro   0x0000000000017f4c       0x3c ./Core/Src/main.o
 .debug_macro   0x0000000000017f88       0x57 ./Core/Src/main.o
 .debug_macro   0x0000000000017fdf       0xc5 ./Core/Src/main.o
 .debug_macro   0x00000000000180a4      0x19f ./Core/Src/main.o
 .debug_macro   0x0000000000018243      0x22c ./Core/Src/main.o
 .debug_macro   0x000000000001846f       0x5b ./Core/Src/main.o
 .debug_macro   0x00000000000184ca       0xa5 ./Core/Src/main.o
 .debug_macro   0x000000000001856f       0x81 ./Core/Src/main.o
 .debug_macro   0x00000000000185f0       0xd3 ./Core/Src/main.o
 .debug_macro   0x00000000000186c3      0x5ba ./Core/Src/main.o
 .debug_macro   0x0000000000018c7d       0x44 ./Core/Src/main.o
 .debug_macro   0x0000000000018cc1      0x1f7 ./Core/Src/main.o
 .debug_macro   0x0000000000018eb8       0x58 ./Core/Src/main.o
 .debug_macro   0x0000000000018f10       0x61 ./Core/Src/main.o
 .debug_macro   0x0000000000018f71       0x2a ./Core/Src/main.o
 .debug_macro   0x0000000000018f9b       0x43 ./Core/Src/main.o
 .debug_macro   0x0000000000018fde       0x34 ./Core/Src/main.o
 .debug_macro   0x0000000000019012       0x4c ./Core/Src/main.o
 .debug_macro   0x000000000001905e       0x10 ./Core/Src/main.o
 .debug_macro   0x000000000001906e       0x34 ./Core/Src/main.o
 .debug_macro   0x00000000000190a2       0x16 ./Core/Src/main.o
 .debug_macro   0x00000000000190b8      0x1c0 ./Core/Src/stm32f3xx_hal_msp.o
 .debug_macro   0x0000000000019278      0x1ca ./Core/Src/stm32f3xx_it.o
 .debug_macro   0x0000000000019442       0xff ./Core/Src/sysmem.o
 .debug_macro   0x0000000000019541      0x23c ./Core/Src/sysmem.o
 .debug_macro   0x000000000001977d      0x1b1 ./Core/Src/system_stm32f3xx.o
 .debug_macro   0x000000000001992e      0x1d5 ./Drivers/STM32F3xx_HAL_Driver/Src/stm32f3xx_hal.o
 .debug_macro   0x0000000000019b03      0x1b1 ./Drivers/STM32F3xx_HAL_Driver/Src/stm32f3xx_hal_cortex.o
 .debug_macro   0x0000000000019cb4      0x1b8 ./Drivers/STM32F3xx_HAL_Driver/Src/stm32f3xx_hal_gpio.o
 .debug_macro   0x0000000000019e6c      0x27d ./Drivers/STM32F3xx_HAL_Driver/Src/stm32f3xx_hal_i2c.o
 .debug_macro   0x000000000001a0e9      0x1b1 ./Drivers/STM32F3xx_HAL_Driver/Src/stm32f3xx_hal_i2c_ex.o
 .debug_macro   0x000000000001a29a      0x1d5 ./Drivers/STM32F3xx_HAL_Driver/Src/stm32f3xx_hal_rcc.o
 .debug_macro   0x000000000001a46f      0x1b1 ./Drivers/STM32F3xx_HAL_Driver/Src/stm32f3xx_hal_rcc_ex.o
 .debug_macro   0x000000000001a620      0x1ce ./Drivers/STM32F3xx_HAL_Driver/Src/stm32f3xx_hal_uart.o
 .debug_macro   0x000000000001a7ee      0x2f4 ./Drivers/TMP102/tmp102.o
 .debug_macro   0x000000000001aae2       0x10 ./Drivers/TMP102/tmp102.o
 .debug_macro   0x000000000001aaf2       0x20 ./Drivers/TMP102/tmp102.o
 .debug_macro   0x000000000001ab12       0x1c ./Drivers/TMP102/tmp102.o
 .debug_macro   0x000000000001ab2e       0x4f ./Drivers/TMP102/tmp102.o
 .debug_macro   0x000000000001ab7d      0x2e5 ./Drivers/ssd1306/ssd1306.o
 .debug_macro   0x000000000001ae62       0x28 ./Drivers/ssd1306/ssd1306.o
 .debug_macro   0x000000000001ae8a      0x19b ./Drivers/ssd1306/ssd1306.o
 .debug_macro   0x000000000001b025       0x16 ./Drivers/ssd1306/ssd1306.o
 .debug_macro   0x000000000001b03b       0x76 ./Drivers/ssd1306/ssd1306_fonts.o

.debug_line     0x0000000000000000     0xea98
 .debug_line    0x0000000000000000      0x9a4 ./Core/Src/main.o
 .debug_line    0x00000000000009a4      0x73e ./Core/Src/stm32f3xx_hal_msp.o
 .debug_line    0x00000000000010e2      0x720 ./Core/Src/stm32f3xx_it.o
 .debug_line    0x0000000000001802      0x4ae ./Core/Src/sysmem.o
 .debug_line    0x0000000000001cb0      0x6d4 ./Core/Src/system_stm32f3xx.o
 .debug_line    0x0000000000002384       0x7a ./Core/Startup/startup_stm32f302r8tx.o
 .debug_line    0x00000000000023fe      0x909 ./Drivers/STM32F3xx_HAL_Driver/Src/stm32f3xx_hal.o
 .debug_line    0x0000000000002d07      0xaf1 ./Drivers/STM32F3xx_HAL_Driver/Src/stm32f3xx_hal_cortex.o
 .debug_line    0x00000000000037f8      0xa54 ./Drivers/STM32F3xx_HAL_Driver/Src/stm32f3xx_hal_gpio.o
 .debug_line    0x000000000000424c     0x36e2 ./Drivers/STM32F3xx_HAL_Driver/Src/stm32f3xx_hal_i2c.o
 .debug_line    0x000000000000792e      0x87b ./Drivers/STM32F3xx_HAL_Driver/Src/stm32f3xx_hal_i2c_ex.o
 .debug_line    0x00000000000081a9     0x12e3 ./Drivers/STM32F3xx_HAL_Driver/Src/stm32f3xx_hal_rcc.o
 .debug_line    0x000000000000948c      0xb43 ./Drivers/STM32F3xx_HAL_Driver/Src/stm32f3xx_hal_rcc_ex.o
 .debug_line    0x0000000000009fcf     0x2fcd ./Drivers/STM32F3xx_HAL_Driver/Src/stm32f3xx_hal_uart.o
 .debug_line    0x000000000000cf9c      0x826 ./Drivers/TMP102/tmp102.o
 .debug_line    0x000000000000d7c2      0xf6a ./Drivers/ssd1306/ssd1306.o
 .debug_line    0x000000000000e72c      0x36c ./Drivers/ssd1306/ssd1306_fonts.o

.debug_str      0x0000000000000000    0x9e140
 .debug_str     0x0000000000000000    0x973d4 ./Core/Src/main.o
                                      0x97762 (size before relaxing)
 .debug_str     0x00000000000973d4       0xaa ./Core/Src/stm32f3xx_hal_msp.o
                                      0x96dbd (size before relaxing)
 .debug_str     0x000000000009747e       0xc9 ./Core/Src/stm32f3xx_it.o
                                      0x965e3 (size before relaxing)
 .debug_str     0x0000000000097547     0x1d0b ./Core/Src/sysmem.o
                                       0x6048 (size before relaxing)
 .debug_str     0x0000000000099252       0xe9 ./Core/Src/system_stm32f3xx.o
                                      0x9654b (size before relaxing)
 .debug_str     0x000000000009933b       0x34 ./Core/Startup/startup_stm32f302r8tx.o
                                         0x5a (size before relaxing)
 .debug_str     0x000000000009936f      0x608 ./Drivers/STM32F3xx_HAL_Driver/Src/stm32f3xx_hal.o
                                      0x96ca5 (size before relaxing)
 .debug_str     0x0000000000099977      0x25d ./Drivers/STM32F3xx_HAL_Driver/Src/stm32f3xx_hal_cortex.o
                                      0x96bca (size before relaxing)
 .debug_str     0x0000000000099bd4      0x12b ./Drivers/STM32F3xx_HAL_Driver/Src/stm32f3xx_hal_gpio.o
                                      0x966c1 (size before relaxing)
 .debug_str     0x0000000000099cff      0xe60 ./Drivers/STM32F3xx_HAL_Driver/Src/stm32f3xx_hal_i2c.o
                                      0x9784e (size before relaxing)
 .debug_str     0x000000000009ab5f       0xb8 ./Drivers/STM32F3xx_HAL_Driver/Src/stm32f3xx_hal_i2c_ex.o
                                      0x96a75 (size before relaxing)
 .debug_str     0x000000000009ac17      0x2c6 ./Drivers/STM32F3xx_HAL_Driver/Src/stm32f3xx_hal_rcc.o
                                      0x969eb (size before relaxing)
 .debug_str     0x000000000009aedd       0xbe ./Drivers/STM32F3xx_HAL_Driver/Src/stm32f3xx_hal_rcc_ex.o
                                      0x9676f (size before relaxing)
 .debug_str     0x000000000009af9b      0x885 ./Drivers/STM32F3xx_HAL_Driver/Src/stm32f3xx_hal_uart.o
                                      0x9726e (size before relaxing)
 .debug_str     0x000000000009b820     0x1d54 ./Drivers/TMP102/tmp102.o
                                      0x9a248 (size before relaxing)
 .debug_str     0x000000000009d574      0xb65 ./Drivers/ssd1306/ssd1306.o
                                      0x9a9e8 (size before relaxing)
 .debug_str     0x000000000009e0d9       0x67 ./Drivers/ssd1306/ssd1306_fonts.o
                                       0x3ea2 (size before relaxing)

.debug_frame    0x0000000000000000     0x3050
 .debug_frame   0x0000000000000000       0xe4 ./Core/Src/main.o
 .debug_frame   0x00000000000000e4       0xc4 ./Core/Src/stm32f3xx_hal_msp.o
 .debug_frame   0x00000000000001a8      0x104 ./Core/Src/stm32f3xx_it.o
 .debug_frame   0x00000000000002ac       0x34 ./Core/Src/sysmem.o
 .debug_frame   0x00000000000002e0       0x58 ./Core/Src/system_stm32f3xx.o
 .debug_frame   0x0000000000000338      0x334 ./Drivers/STM32F3xx_HAL_Driver/Src/stm32f3xx_hal.o
 .debug_frame   0x000000000000066c      0x428 ./Drivers/STM32F3xx_HAL_Driver/Src/stm32f3xx_hal_cortex.o
 .debug_frame   0x0000000000000a94      0x14c ./Drivers/STM32F3xx_HAL_Driver/Src/stm32f3xx_hal_gpio.o
 .debug_frame   0x0000000000000be0      0xc34 ./Drivers/STM32F3xx_HAL_Driver/Src/stm32f3xx_hal_i2c.o
 .debug_frame   0x0000000000001814      0x100 ./Drivers/STM32F3xx_HAL_Driver/Src/stm32f3xx_hal_i2c_ex.o
 .debug_frame   0x0000000000001914      0x214 ./Drivers/STM32F3xx_HAL_Driver/Src/stm32f3xx_hal_rcc.o
 .debug_frame   0x0000000000001b28       0xb0 ./Drivers/STM32F3xx_HAL_Driver/Src/stm32f3xx_hal_rcc_ex.o
 .debug_frame   0x0000000000001bd8      0x9e8 ./Drivers/STM32F3xx_HAL_Driver/Src/stm32f3xx_hal_uart.o
 .debug_frame   0x00000000000025c0       0x34 ./Drivers/TMP102/tmp102.o
 .debug_frame   0x00000000000025f4      0x3c0 ./Drivers/ssd1306/ssd1306.o
 .debug_frame   0x00000000000029b4      0x13c /opt/st/stm32cubeide_1.13.1/plugins/com.st.stm32cube.ide.mcu.externaltools.gnu-tools-for-stm32.11.3.rel1.linux64_1.1.0.202305231506/tools/bin/../lib/gcc/arm-none-eabi/11.3.1/../../../../arm-none-eabi/lib/thumb/v7e-m+fp/hard/libc_nano.a(libc_a-findfp.o)
 .debug_frame   0x0000000000002af0       0x6c /opt/st/stm32cubeide_1.13.1/plugins/com.st.stm32cube.ide.mcu.externaltools.gnu-tools-for-stm32.11.3.rel1.linux64_1.1.0.202305231506/tools/bin/../lib/gcc/arm-none-eabi/11.3.1/../../../../arm-none-eabi/lib/thumb/v7e-m+fp/hard/libc_nano.a(libc_a-sprintf.o)
 .debug_frame   0x0000000000002b5c       0x20 /opt/st/stm32cubeide_1.13.1/plugins/com.st.stm32cube.ide.mcu.externaltools.gnu-tools-for-stm32.11.3.rel1.linux64_1.1.0.202305231506/tools/bin/../lib/gcc/arm-none-eabi/11.3.1/../../../../arm-none-eabi/lib/thumb/v7e-m+fp/hard/libc_nano.a(libc_a-memset.o)
 .debug_frame   0x0000000000002b7c       0x38 /opt/st/stm32cubeide_1.13.1/plugins/com.st.stm32cube.ide.mcu.externaltools.gnu-tools-for-stm32.11.3.rel1.linux64_1.1.0.202305231506/tools/bin/../lib/gcc/arm-none-eabi/11.3.1/../../../../arm-none-eabi/lib/thumb/v7e-m+fp/hard/libc_nano.a(libc_a-reent.o)
 .debug_frame   0x0000000000002bb4       0x20 /opt/st/stm32cubeide_1.13.1/plugins/com.st.stm32cube.ide.mcu.externaltools.gnu-tools-for-stm32.11.3.rel1.linux64_1.1.0.202305231506/tools/bin/../lib/gcc/arm-none-eabi/11.3.1/../../../../arm-none-eabi/lib/thumb/v7e-m+fp/hard/libc_nano.a(libc_a-errno.o)
 .debug_frame   0x0000000000002bd4       0x2c /opt/st/stm32cubeide_1.13.1/plugins/com.st.stm32cube.ide.mcu.externaltools.gnu-tools-for-stm32.11.3.rel1.linux64_1.1.0.202305231506/tools/bin/../lib/gcc/arm-none-eabi/11.3.1/../../../../arm-none-eabi/lib/thumb/v7e-m+fp/hard/libc_nano.a(libc_a-init.o)
 .debug_frame   0x0000000000002c00       0xb0 /opt/st/stm32cubeide_1.13.1/plugins/com.st.stm32cube.ide.mcu.externaltools.gnu-tools-for-stm32.11.3.rel1.linux64_1.1.0.202305231506/tools/bin/../lib/gcc/arm-none-eabi/11.3.1/../../../../arm-none-eabi/lib/thumb/v7e-m+fp/hard/libc_nano.a(libc_a-lock.o)
 .debug_frame   0x0000000000002cb0       0x28 /opt/st/stm32cubeide_1.13.1/plugins/com.st.stm32cube.ide.mcu.externaltools.gnu-tools-for-stm32.11.3.rel1.linux64_1.1.0.202305231506/tools/bin/../lib/gcc/arm-none-eabi/11.3.1/../../../../arm-none-eabi/lib/thumb/v7e-m+fp/hard/libc_nano.a(libc_a-memcpy-stub.o)
 .debug_frame   0x0000000000002cd8       0x38 /opt/st/stm32cubeide_1.13.1/plugins/com.st.stm32cube.ide.mcu.externaltools.gnu-tools-for-stm32.11.3.rel1.linux64_1.1.0.202305231506/tools/bin/../lib/gcc/arm-none-eabi/11.3.1/../../../../arm-none-eabi/lib/thumb/v7e-m+fp/hard/libc_nano.a(libc_a-freer.o)
 .debug_frame   0x0000000000002d10       0x50 /opt/st/stm32cubeide_1.13.1/plugins/com.st.stm32cube.ide.mcu.externaltools.gnu-tools-for-stm32.11.3.rel1.linux64_1.1.0.202305231506/tools/bin/../lib/gcc/arm-none-eabi/11.3.1/../../../../arm-none-eabi/lib/thumb/v7e-m+fp/hard/libc_nano.a(libc_a-mallocr.o)
 .debug_frame   0x0000000000002d60       0x30 /opt/st/stm32cubeide_1.13.1/plugins/com.st.stm32cube.ide.mcu.externaltools.gnu-tools-for-stm32.11.3.rel1.linux64_1.1.0.202305231506/tools/bin/../lib/gcc/arm-none-eabi/11.3.1/../../../../arm-none-eabi/lib/thumb/v7e-m+fp/hard/libc_nano.a(libc_a-mlock.o)
 .debug_frame   0x0000000000002d90       0x90 /opt/st/stm32cubeide_1.13.1/plugins/com.st.stm32cube.ide.mcu.externaltools.gnu-tools-for-stm32.11.3.rel1.linux64_1.1.0.202305231506/tools/bin/../lib/gcc/arm-none-eabi/11.3.1/../../../../arm-none-eabi/lib/thumb/v7e-m+fp/hard/libc_nano.a(libc_a-nano-svfprintf.o)
 .debug_frame   0x0000000000002e20       0x60 /opt/st/stm32cubeide_1.13.1/plugins/com.st.stm32cube.ide.mcu.externaltools.gnu-tools-for-stm32.11.3.rel1.linux64_1.1.0.202305231506/tools/bin/../lib/gcc/arm-none-eabi/11.3.1/../../../../arm-none-eabi/lib/thumb/v7e-m+fp/hard/libc_nano.a(libc_a-nano-vfprintf_i.o)
 .debug_frame   0x0000000000002e80       0x28 /opt/st/stm32cubeide_1.13.1/plugins/com.st.stm32cube.ide.mcu.externaltools.gnu-tools-for-stm32.11.3.rel1.linux64_1.1.0.202305231506/tools/bin/../lib/gcc/arm-none-eabi/11.3.1/../../../../arm-none-eabi/lib/thumb/v7e-m+fp/hard/libc_nano.a(libc_a-memmove.o)
 .debug_frame   0x0000000000002ea8       0x2c /opt/st/stm32cubeide_1.13.1/plugins/com.st.stm32cube.ide.mcu.externaltools.gnu-tools-for-stm32.11.3.rel1.linux64_1.1.0.202305231506/tools/bin/../lib/gcc/arm-none-eabi/11.3.1/../../../../arm-none-eabi/lib/thumb/v7e-m+fp/hard/libc_nano.a(libc_a-sbrkr.o)
 .debug_frame   0x0000000000002ed4       0x3c /opt/st/stm32cubeide_1.13.1/plugins/com.st.stm32cube.ide.mcu.externaltools.gnu-tools-for-stm32.11.3.rel1.linux64_1.1.0.202305231506/tools/bin/../lib/gcc/arm-none-eabi/11.3.1/../../../../arm-none-eabi/lib/thumb/v7e-m+fp/hard/libc_nano.a(libc_a-reallocr.o)
 .debug_frame   0x0000000000002f10       0x20 /opt/st/stm32cubeide_1.13.1/plugins/com.st.stm32cube.ide.mcu.externaltools.gnu-tools-for-stm32.11.3.rel1.linux64_1.1.0.202305231506/tools/bin/../lib/gcc/arm-none-eabi/11.3.1/../../../../arm-none-eabi/lib/thumb/v7e-m+fp/hard/libc_nano.a(libc_a-msizer.o)
 .debug_frame   0x0000000000002f30       0xac /opt/st/stm32cubeide_1.13.1/plugins/com.st.stm32cube.ide.mcu.externaltools.gnu-tools-for-stm32.11.3.rel1.linux64_1.1.0.202305231506/tools/bin/../lib/gcc/arm-none-eabi/11.3.1/thumb/v7e-m+fp/hard/libgcc.a(_arm_addsubdf3.o)
 .debug_frame   0x0000000000002fdc       0x50 /opt/st/stm32cubeide_1.13.1/plugins/com.st.stm32cube.ide.mcu.externaltools.gnu-tools-for-stm32.11.3.rel1.linux64_1.1.0.202305231506/tools/bin/../lib/gcc/arm-none-eabi/11.3.1/thumb/v7e-m+fp/hard/libgcc.a(_arm_muldivdf3.o)
 .debug_frame   0x000000000000302c       0x24 /opt/st/stm32cubeide_1.13.1/plugins/com.st.stm32cube.ide.mcu.externaltools.gnu-tools-for-stm32.11.3.rel1.linux64_1.1.0.202305231506/tools/bin/../lib/gcc/arm-none-eabi/11.3.1/thumb/v7e-m+fp/hard/libgcc.a(_arm_truncdfsf2.o)

.debug_line_str
                0x0000000000000000       0x4e
 .debug_line_str
                0x0000000000000000       0x4e ./Core/Startup/startup_stm32f302r8tx.o
                                         0x66 (size before relaxing)
