Archive member included to satisfy reference by file (symbol)

/opt/st/stm32cubeide_1.13.1/plugins/com.st.stm32cube.ide.mcu.externaltools.gnu-tools-for-stm32.11.3.rel1.linux64_1.1.0.202305231506/tools/bin/../lib/gcc/arm-none-eabi/11.3.1/../../../../arm-none-eabi/lib/thumb/v7e-m+fp/hard/libc_nano.a(libc_a-exit.o)
                              /opt/st/stm32cubeide_1.13.1/plugins/com.st.stm32cube.ide.mcu.externaltools.gnu-tools-for-stm32.11.3.rel1.linux64_1.1.0.202305231506/tools/bin/../lib/gcc/arm-none-eabi/11.3.1/../../../../arm-none-eabi/lib/thumb/v7e-m+fp/hard/crt0.o (exit)
/opt/st/stm32cubeide_1.13.1/plugins/com.st.stm32cube.ide.mcu.externaltools.gnu-tools-for-stm32.11.3.rel1.linux64_1.1.0.202305231506/tools/bin/../lib/gcc/arm-none-eabi/11.3.1/../../../../arm-none-eabi/lib/thumb/v7e-m+fp/hard/libc_nano.a(libc_a-findfp.o)
                              /opt/st/stm32cubeide_1.13.1/plugins/com.st.stm32cube.ide.mcu.externaltools.gnu-tools-for-stm32.11.3.rel1.linux64_1.1.0.202305231506/tools/bin/../lib/gcc/arm-none-eabi/11.3.1/../../../../arm-none-eabi/lib/thumb/v7e-m+fp/hard/libc_nano.a(libc_a-exit.o) (__stdio_exit_handler)
/opt/st/stm32cubeide_1.13.1/plugins/com.st.stm32cube.ide.mcu.externaltools.gnu-tools-for-stm32.11.3.rel1.linux64_1.1.0.202305231506/tools/bin/../lib/gcc/arm-none-eabi/11.3.1/../../../../arm-none-eabi/lib/thumb/v7e-m+fp/hard/libc_nano.a(libc_a-fwalk.o)
                              /opt/st/stm32cubeide_1.13.1/plugins/com.st.stm32cube.ide.mcu.externaltools.gnu-tools-for-stm32.11.3.rel1.linux64_1.1.0.202305231506/tools/bin/../lib/gcc/arm-none-eabi/11.3.1/../../../../arm-none-eabi/lib/thumb/v7e-m+fp/hard/libc_nano.a(libc_a-findfp.o) (_fwalk_sglue)
/opt/st/stm32cubeide_1.13.1/plugins/com.st.stm32cube.ide.mcu.externaltools.gnu-tools-for-stm32.11.3.rel1.linux64_1.1.0.202305231506/tools/bin/../lib/gcc/arm-none-eabi/11.3.1/../../../../arm-none-eabi/lib/thumb/v7e-m+fp/hard/libc_nano.a(libc_a-stdio.o)
                              /opt/st/stm32cubeide_1.13.1/plugins/com.st.stm32cube.ide.mcu.externaltools.gnu-tools-for-stm32.11.3.rel1.linux64_1.1.0.202305231506/tools/bin/../lib/gcc/arm-none-eabi/11.3.1/../../../../arm-none-eabi/lib/thumb/v7e-m+fp/hard/libc_nano.a(libc_a-findfp.o) (__sread)
/opt/st/stm32cubeide_1.13.1/plugins/com.st.stm32cube.ide.mcu.externaltools.gnu-tools-for-stm32.11.3.rel1.linux64_1.1.0.202305231506/tools/bin/../lib/gcc/arm-none-eabi/11.3.1/../../../../arm-none-eabi/lib/thumb/v7e-m+fp/hard/libc_nano.a(libc_a-memset.o)
                              /opt/st/stm32cubeide_1.13.1/plugins/com.st.stm32cube.ide.mcu.externaltools.gnu-tools-for-stm32.11.3.rel1.linux64_1.1.0.202305231506/tools/bin/../lib/gcc/arm-none-eabi/11.3.1/../../../../arm-none-eabi/lib/thumb/v7e-m+fp/hard/crt0.o (memset)
/opt/st/stm32cubeide_1.13.1/plugins/com.st.stm32cube.ide.mcu.externaltools.gnu-tools-for-stm32.11.3.rel1.linux64_1.1.0.202305231506/tools/bin/../lib/gcc/arm-none-eabi/11.3.1/../../../../arm-none-eabi/lib/thumb/v7e-m+fp/hard/libc_nano.a(libc_a-closer.o)
                              /opt/st/stm32cubeide_1.13.1/plugins/com.st.stm32cube.ide.mcu.externaltools.gnu-tools-for-stm32.11.3.rel1.linux64_1.1.0.202305231506/tools/bin/../lib/gcc/arm-none-eabi/11.3.1/../../../../arm-none-eabi/lib/thumb/v7e-m+fp/hard/libc_nano.a(libc_a-stdio.o) (_close_r)
/opt/st/stm32cubeide_1.13.1/plugins/com.st.stm32cube.ide.mcu.externaltools.gnu-tools-for-stm32.11.3.rel1.linux64_1.1.0.202305231506/tools/bin/../lib/gcc/arm-none-eabi/11.3.1/../../../../arm-none-eabi/lib/thumb/v7e-m+fp/hard/libc_nano.a(libc_a-reent.o)
                              /opt/st/stm32cubeide_1.13.1/plugins/com.st.stm32cube.ide.mcu.externaltools.gnu-tools-for-stm32.11.3.rel1.linux64_1.1.0.202305231506/tools/bin/../lib/gcc/arm-none-eabi/11.3.1/../../../../arm-none-eabi/lib/thumb/v7e-m+fp/hard/libc_nano.a(libc_a-closer.o) (errno)
/opt/st/stm32cubeide_1.13.1/plugins/com.st.stm32cube.ide.mcu.externaltools.gnu-tools-for-stm32.11.3.rel1.linux64_1.1.0.202305231506/tools/bin/../lib/gcc/arm-none-eabi/11.3.1/../../../../arm-none-eabi/lib/thumb/v7e-m+fp/hard/libc_nano.a(libc_a-impure.o)
                              /opt/st/stm32cubeide_1.13.1/plugins/com.st.stm32cube.ide.mcu.externaltools.gnu-tools-for-stm32.11.3.rel1.linux64_1.1.0.202305231506/tools/bin/../lib/gcc/arm-none-eabi/11.3.1/../../../../arm-none-eabi/lib/thumb/v7e-m+fp/hard/libc_nano.a(libc_a-reent.o) (_impure_ptr)
/opt/st/stm32cubeide_1.13.1/plugins/com.st.stm32cube.ide.mcu.externaltools.gnu-tools-for-stm32.11.3.rel1.linux64_1.1.0.202305231506/tools/bin/../lib/gcc/arm-none-eabi/11.3.1/../../../../arm-none-eabi/lib/thumb/v7e-m+fp/hard/libc_nano.a(libc_a-lseekr.o)
                              /opt/st/stm32cubeide_1.13.1/plugins/com.st.stm32cube.ide.mcu.externaltools.gnu-tools-for-stm32.11.3.rel1.linux64_1.1.0.202305231506/tools/bin/../lib/gcc/arm-none-eabi/11.3.1/../../../../arm-none-eabi/lib/thumb/v7e-m+fp/hard/libc_nano.a(libc_a-stdio.o) (_lseek_r)
[...]
Memory Configuration

Name             Origin             Length             Attributes
RAM              0x0000000020000000 0x0000000000004000 xrw
FLASH            0x0000000008000000 0x0000000000010000 xr
*default*        0x0000000000000000 0xffffffffffffffff

Linker script and memory map

LOAD /opt/st/stm32cubeide_1.13.1/plugins/com.st.stm32cube.ide.mcu.externaltools.gnu-tools-for-stm32.11.3.rel1.linux64_1.1.0.202305231506/tools/bin/../lib/gcc/arm-none-eabi/11.3.1/thumb/v7e-m+fp/hard/crti.o
LOAD /opt/st/stm32cubeide_1.13.1/plugins/com.st.stm32cube.ide.mcu.externaltools.gnu-tools-for-stm32.11.3.rel1.linux64_1.1.0.202305231506/tools/bin/../lib/gcc/arm-none-eabi/11.3.1/thumb/v7e-m+fp/hard/crtbegin.o
LOAD /opt/st/stm32cubeide_1.13.1/plugins/com.st.stm32cube.ide.mcu.externaltools.gnu-tools-for-stm32.11.3.rel1.linux64_1.1.0.202305231506/tools/bin/../lib/gcc/arm-none-eabi/11.3.1/../../../../arm-none-eabi/lib/thumb/v7e-m+fp/hard/crt0.o
LOAD ./Core/Src/main.o
LOAD ./Core/Src/stm32f3xx_hal_msp.o
LOAD ./Core/Src/stm32f3xx_it.o
LOAD ./Core/Src/syscalls.o
LOAD ./Core/Src/sysmem.o
LOAD ./Core/Src/system_stm32f3xx.o
LOAD ./Core/Startup/startup_stm32f302r8tx.o
LOAD ./Drivers/STM32F3xx_HAL_Driver/Src/stm32f3xx_hal.o
LOAD ./Drivers/STM32F3xx_HAL_Driver/Src/stm32f3xx_hal_cortex.o
LOAD ./Drivers/STM32F3xx_HAL_Driver/Src/stm32f3xx_hal_dma.o
LOAD ./Drivers/STM32F3xx_HAL_Driver/Src/stm32f3xx_hal_exti.o
LOAD ./Drivers/STM32F3xx_HAL_Driver/Src/stm32f3xx_hal_flash.o
LOAD ./Drivers/STM32F3xx_HAL_Driver/Src/stm32f3xx_hal_flash_ex.o
LOAD ./Drivers/STM32F3xx_HAL_Driver/Src/stm32f3xx_hal_gpio.o
LOAD ./Drivers/STM32F3xx_HAL_Driver/Src/stm32f3xx_hal_i2c.o
LOAD ./Drivers/STM32F3xx_HAL_Driver/Src/stm32f3xx_hal_i2c_ex.o
LOAD ./Drivers/STM32F3xx_HAL_Driver/Src/stm32f3xx_hal_pwr.o
LOAD ./Drivers/STM32F3xx_HAL_Driver/Src/stm32f3xx_hal_pwr_ex.o
LOAD ./Drivers/STM32F3xx_HAL_Driver/Src/stm32f3xx_hal_rcc.o
LOAD ./Drivers/STM32F3xx_HAL_Driver/Src/stm32f3xx_hal_rcc_ex.o
LOAD ./Drivers/STM32F3xx_HAL_Driver/Src/stm32f3xx_hal_spi.o
LOAD ./Drivers/STM32F3xx_HAL_Driver/Src/stm32f3xx_hal_spi_ex.o
LOAD ./Drivers/STM32F3xx_HAL_Driver/Src/stm32f3xx_hal_tim.o
LOAD ./Drivers/STM32F3xx_HAL_Driver/Src/stm32f3xx_hal_tim_ex.o
LOAD ./Drivers/STM32F3xx_HAL_Driver/Src/stm32f3xx_hal_uart.o
LOAD ./Drivers/STM32F3xx_HAL_Driver/Src/stm32f3xx_hal_uart_ex.o
LOAD ./Drivers/ssd1306/ssd1306.o
LOAD ./Drivers/ssd1306/ssd1306_fonts.o
START GROUP
LOAD /opt/st/stm32cubeide_1.13.1/plugins/com.st.stm32cube.ide.mcu.externaltools.gnu-tools-for-stm32.11.3.rel1.linux64_1.1.0.202305231506/tools/bin/../lib/gcc/arm-none-eabi/11.3.1/../../../../arm-none-eabi/lib/thumb/v7e-m+fp/hard/libc_nano.a
LOAD /opt/st/stm32cubeide_1.13.1/plugins/com.st.stm32cube.ide.mcu.externaltools.gnu-tools-for-stm32.11.3.rel1.linux64_1.1.0.202305231506/tools/bin/../lib/gcc/arm-none-eabi/11.3.1/../../../../arm-none-eabi/lib/thumb/v7e-m+fp/hard/libm.a
END GROUP
START GROUP
LOAD /opt/st/stm32cubeide_1.13.1/plugins/com.st.stm32cube.ide.mcu.externaltools.gnu-tools-for-stm32.11.3.rel1.linux64_1.1.0.202305231506/tools/bin/../lib/gcc/arm-none-eabi/11.3.1/thumb/v7e-m+fp/hard/libgcc.a
LOAD /opt/st/stm32cubeide_1.13.1/plugins/com.st.stm32cube.ide.mcu.externaltools.gnu-tools-for-stm32.11.3.rel1.linux64_1.1.0.202305231506/tools/bin/../lib/gcc/arm-none-eabi/11.3.1/../../../../arm-none-eabi/lib/thumb/v7e-m+fp/hard/libc_nano.a
END GROUP
START GROUP
LOAD /opt/st/stm32cubeide_1.13.1/plugins/com.st.stm32cube.ide.mcu.externaltools.gnu-tools-for-stm32.11.3.rel1.linux64_1.1.0.202305231506/tools/bin/../lib/gcc/arm-none-eabi/11.3.1/thumb/v7e-m+fp/hard/libgcc.a
LOAD /opt/st/stm32cubeide_1.13.1/plugins/com.st.stm32cube.ide.mcu.externaltools.gnu-tools-for-stm32.11.3.rel1.linux64_1.1.0.202305231506/tools/bin/../lib/gcc/arm-none-eabi/11.3.1/../../../../arm-none-eabi/lib/thumb/v7e-m+fp/hard/libc_nano.a
LOAD /opt/st/stm32cubeide_1.13.1/plugins/com.st.stm32cube.ide.mcu.externaltools.gnu-tools-for-stm32.11.3.rel1.linux64_1.1.0.202305231506/tools/bin/../lib/gcc/arm-none-eabi/11.3.1/../../../../arm-none-eabi/lib/thumb/v7e-m+fp/hard/libnosys.a
END GROUP
START GROUP
LOAD /opt/st/stm32cubeide_1.13.1/plugins/com.st.stm32cube.ide.mcu.externaltools.gnu-tools-for-stm32.11.3.rel1.linux64_1.1.0.202305231506/tools/bin/../lib/gcc/arm-none-eabi/11.3.1/thumb/v7e-m+fp/hard/libgcc.a
LOAD /opt/st/stm32cubeide_1.13.1/plugins/com.st.stm32cube.ide.mcu.externaltools.gnu-tools-for-stm32.11.3.rel1.linux64_1.1.0.202305231506/tools/bin/../lib/gcc/arm-none-eabi/11.3.1/../../../../arm-none-eabi/lib/thumb/v7e-m+fp/hard/libc_nano.a
LOAD /opt/st/stm32cubeide_1.13.1/plugins/com.st.stm32cube.ide.mcu.externaltools.gnu-tools-for-stm32.11.3.rel1.linux64_1.1.0.202305231506/tools/bin/../lib/gcc/arm-none-eabi/11.3.1/../../../../arm-none-eabi/lib/thumb/v7e-m+fp/hard/libnosys.a
END GROUP
LOAD /opt/st/stm32cubeide_1.13.1/plugins/com.st.stm32cube.ide.mcu.externaltools.gnu-tools-for-stm32.11.3.rel1.linux64_1.1.0.202305231506/tools/bin/../lib/gcc/arm-none-eabi/11.3.1/thumb/v7e-m+fp/hard/crtend.o
LOAD /opt/st/stm32cubeide_1.13.1/plugins/com.st.stm32cube.ide.mcu.externaltools.gnu-tools-for-stm32.11.3.rel1.linux64_1.1.0.202305231506/tools/bin/../lib/gcc/arm-none-eabi/11.3.1/thumb/v7e-m+fp/hard/crtn.o
                0x0000000020004000                _estack = (ORIGIN (RAM) + LENGTH (RAM))
                0x0000000000000200                _Min_Heap_Size = 0x200
                0x0000000000000400                _Min_Stack_Size = 0x400

.isr_vector     0x0000000008000000      0x188
                0x0000000008000000                . = ALIGN (0x4)
 *(.isr_vector)
 .isr_vector    0x0000000008000000      0x188 ./Core/Startup/startup_stm32f302r8tx.o
                0x0000000008000000                g_pfnVectors
                0x0000000008000188                . = ALIGN (0x4)

.text           0x0000000008000188     0x3304
                0x0000000008000188                . = ALIGN (0x4)
 *(.text)
 .text          0x0000000008000188       0x40 /opt/st/stm32cubeide_1.13.1/plugins/com.st.stm32cube.ide.mcu.externaltools.gnu-tools-for-stm32.11.3.rel1.linux64_1.1.0.202305231506/tools/bin/../lib/gcc/arm-none-eabi/11.3.1/thumb/v7e-m+fp/hard/crtbegin.o
 *(.text*)
 .text.main     0x00000000080001c8       0x34 ./Core/Src/main.o
                0x00000000080001c8                main
 .text.SystemClock_Config
                0x00000000080001fc       0x82 ./Core/Src/main.o
                0x00000000080001fc                SystemClock_Config
 *fill*         0x000000000800027e        0x2 
 .text.MX_SPI2_Init
                0x0000000008000280       0x7c ./Core/Src/main.o
 .text.MX_USART2_UART_Init
                0x00000000080002fc       0x60 ./Core/Src/main.o
 .text.MX_GPIO_Init
                0x000000000800035c       0xf4 ./Core/Src/main.o
 .text.Error_Handler
                0x0000000008000450        0xa ./Core/Src/main.o
                0x0000000008000450                Error_Handler
 *fill*         0x000000000800045a        0x2 
 .text.HAL_MspInit
                0x000000000800045c       0x48 ./Core/Src/stm32f3xx_hal_msp.o
                0x000000000800045c                HAL_MspInit
 .text.HAL_SPI_MspInit
                0x00000000080004a4       0x88 ./Core/Src/stm32f3xx_hal_msp.o
                0x00000000080004a4                HAL_SPI_MspInit
 .text.HAL_UART_MspInit
                0x000000000800052c       0x84 ./Core/Src/stm32f3xx_hal_msp.o
                0x000000000800052c                HAL_UART_MspInit
 .text.NMI_Handler
                0x00000000080005b0        0x6 ./Core/Src/stm32f3xx_it.o
                0x00000000080005b0                NMI_Handler
 .text.HardFault_Handler
                0x00000000080005b6        0x6 ./Core/Src/stm32f3xx_it.o
                0x00000000080005b6                HardFault_Handler
 .text.MemManage_Handler
                0x00000000080005bc        0x6 ./Core/Src/stm32f3xx_it.o
                0x00000000080005bc                MemManage_Handler
 .text.BusFault_Handler
                0x00000000080005c2        0x6 ./Core/Src/stm32f3xx_it.o
                0x00000000080005c2                BusFault_Handler
 .text.UsageFault_Handler
                0x00000000080005c8        0x6 ./Core/Src/stm32f3xx_it.o
                0x00000000080005c8                UsageFault_Handler
 .text.SVC_Handler
                0x00000000080005ce        0xe ./Core/Src/stm32f3xx_it.o
                0x00000000080005ce                SVC_Handler
 .text.DebugMon_Handler
                0x00000000080005dc        0xe ./Core/Src/stm32f3xx_it.o
                0x00000000080005dc                DebugMon_Handler
 .text.PendSV_Handler
                0x00000000080005ea        0xe ./Core/Src/stm32f3xx_it.o
                0x00000000080005ea                PendSV_Handler
 .text.SysTick_Handler
                0x00000000080005f8        0xc ./Core/Src/stm32f3xx_it.o
                0x00000000080005f8                SysTick_Handler
 .text.SystemInit
                0x0000000008000604       0x24 ./Core/Src/system_stm32f3xx.o
                0x0000000008000604                SystemInit
 .text.Reset_Handler
                0x0000000008000628       0x50 ./Core/Startup/startup_stm32f302r8tx.o
                0x0000000008000628                Reset_Handler
 .text.Default_Handler
                0x0000000008000678        0x2 ./Core/Startup/startup_stm32f302r8tx.o
                0x0000000008000678                RTC_Alarm_IRQHandler
                0x0000000008000678                TIM1_CC_IRQHandler
                0x0000000008000678                USB_HP_IRQHandler
                0x0000000008000678                PVD_IRQHandler
                0x0000000008000678                TAMP_STAMP_IRQHandler
                0x0000000008000678                EXTI3_IRQHandler
                0x0000000008000678                I2C3_ER_IRQHandler
                0x0000000008000678                USB_HP_CAN_TX_IRQHandler
                0x0000000008000678                EXTI0_IRQHandler
                0x0000000008000678                I2C2_EV_IRQHandler
                0x0000000008000678                FPU_IRQHandler
                0x0000000008000678                TIM1_UP_TIM16_IRQHandler
                0x0000000008000678                CAN_SCE_IRQHandler
                0x0000000008000678                TIM6_DAC_IRQHandler
                0x0000000008000678                DMA1_Channel4_IRQHandler
                0x0000000008000678                ADC1_IRQHandler
                0x0000000008000678                USART3_IRQHandler
                0x0000000008000678                DMA1_Channel7_IRQHandler
                0x0000000008000678                CAN_RX1_IRQHandler
                0x0000000008000678                I2C1_EV_IRQHandler
                0x0000000008000678                DMA1_Channel6_IRQHandler
                0x0000000008000678                RCC_IRQHandler
                0x0000000008000678                DMA1_Channel1_IRQHandler
                0x0000000008000678                Default_Handler
                0x0000000008000678                USBWakeUp_RMP_IRQHandler
                0x0000000008000678                EXTI15_10_IRQHandler
                0x0000000008000678                COMP2_IRQHandler
                0x0000000008000678                I2C3_EV_IRQHandler
                0x0000000008000678                EXTI9_5_IRQHandler
                0x0000000008000678                RTC_WKUP_IRQHandler
                0x0000000008000678                SPI2_IRQHandler
                0x0000000008000678                USB_LP_CAN_RX0_IRQHandler
                0x0000000008000678                DMA1_Channel5_IRQHandler
                0x0000000008000678                USB_LP_IRQHandler
                0x0000000008000678                EXTI4_IRQHandler
                0x0000000008000678                TIM1_TRG_COM_TIM17_IRQHandler
                0x0000000008000678                DMA1_Channel3_IRQHandler
                0x0000000008000678                WWDG_IRQHandler
                0x0000000008000678                TIM2_IRQHandler
                0x0000000008000678                EXTI1_IRQHandler
                0x0000000008000678                COMP4_6_IRQHandler
                0x0000000008000678                USART2_IRQHandler
                0x0000000008000678                I2C2_ER_IRQHandler
                0x0000000008000678                DMA1_Channel2_IRQHandler
                0x0000000008000678                FLASH_IRQHandler
                0x0000000008000678                USART1_IRQHandler
                0x0000000008000678                SPI3_IRQHandler
                0x0000000008000678                I2C1_ER_IRQHandler
                0x0000000008000678                USBWakeUp_IRQHandler
                0x0000000008000678                EXTI2_TSC_IRQHandler
                0x0000000008000678                TIM1_BRK_TIM15_IRQHandler
 *fill*         0x000000000800067a        0x2 
 .text.HAL_Init
                0x000000000800067c       0x2c ./Drivers/STM32F3xx_HAL_Driver/Src/stm32f3xx_hal.o
                0x000000000800067c                HAL_Init
 .text.HAL_InitTick
                0x00000000080006a8       0x60 ./Drivers/STM32F3xx_HAL_Driver/Src/stm32f3xx_hal.o
                0x00000000080006a8                HAL_InitTick
 .text.HAL_IncTick
                0x0000000008000708       0x28 ./Drivers/STM32F3xx_HAL_Driver/Src/stm32f3xx_hal.o
                0x0000000008000708                HAL_IncTick
 .text.HAL_GetTick
                0x0000000008000730       0x18 ./Drivers/STM32F3xx_HAL_Driver/Src/stm32f3xx_hal.o
                0x0000000008000730                HAL_GetTick
 .text.HAL_Delay
                0x0000000008000748       0x48 ./Drivers/STM32F3xx_HAL_Driver/Src/stm32f3xx_hal.o
                0x0000000008000748                HAL_Delay
 .text.__NVIC_SetPriorityGrouping
                0x0000000008000790       0x48 ./Drivers/STM32F3xx_HAL_Driver/Src/stm32f3xx_hal_cortex.o
 .text.__NVIC_GetPriorityGrouping
                0x00000000080007d8       0x1c ./Drivers/STM32F3xx_HAL_Driver/Src/stm32f3xx_hal_cortex.o
 .text.__NVIC_SetPriority
                0x00000000080007f4       0x54 ./Drivers/STM32F3xx_HAL_Driver/Src/stm32f3xx_hal_cortex.o
 .text.NVIC_EncodePriority
                0x0000000008000848       0x66 ./Drivers/STM32F3xx_HAL_Driver/Src/stm32f3xx_hal_cortex.o
 *fill*         0x00000000080008ae        0x2 
 .text.SysTick_Config
                0x00000000080008b0       0x44 ./Drivers/STM32F3xx_HAL_Driver/Src/stm32f3xx_hal_cortex.o
 .text.HAL_NVIC_SetPriorityGrouping
                0x00000000080008f4       0x16 ./Drivers/STM32F3xx_HAL_Driver/Src/stm32f3xx_hal_cortex.o
                0x00000000080008f4                HAL_NVIC_SetPriorityGrouping
 .text.HAL_NVIC_SetPriority
                0x000000000800090a       0x38 ./Drivers/STM32F3xx_HAL_Driver/Src/stm32f3xx_hal_cortex.o
                0x000000000800090a                HAL_NVIC_SetPriority
 .text.HAL_SYSTICK_Config
                0x0000000008000942       0x18 ./Drivers/STM32F3xx_HAL_Driver/Src/stm32f3xx_hal_cortex.o
                0x0000000008000942                HAL_SYSTICK_Config
 *fill*         0x000000000800095a        0x2 
 .text.HAL_GPIO_Init
                0x000000000800095c      0x2e4 ./Drivers/STM32F3xx_HAL_Driver/Src/stm32f3xx_hal_gpio.o
                0x000000000800095c                HAL_GPIO_Init
 .text.HAL_GPIO_WritePin
                0x0000000008000c40       0x30 ./Drivers/STM32F3xx_HAL_Driver/Src/stm32f3xx_hal_gpio.o
                0x0000000008000c40                HAL_GPIO_WritePin
 .text.HAL_RCC_OscConfig
                0x0000000008000c70     0x107c ./Drivers/STM32F3xx_HAL_Driver/Src/stm32f3xx_hal_rcc.o
                0x0000000008000c70                HAL_RCC_OscConfig
 .text.HAL_RCC_ClockConfig
                0x0000000008001cec      0x2f8 ./Drivers/STM32F3xx_HAL_Driver/Src/stm32f3xx_hal_rcc.o
                0x0000000008001cec                HAL_RCC_ClockConfig
 .text.HAL_RCC_GetSysClockFreq
                0x0000000008001fe4       0xd4 ./Drivers/STM32F3xx_HAL_Driver/Src/stm32f3xx_hal_rcc.o
                0x0000000008001fe4                HAL_RCC_GetSysClockFreq
 .text.HAL_RCC_GetHCLKFreq
                0x00000000080020b8       0x18 ./Drivers/STM32F3xx_HAL_Driver/Src/stm32f3xx_hal_rcc.o
                0x00000000080020b8                HAL_RCC_GetHCLKFreq
 .text.HAL_RCC_GetPCLK1Freq
                0x00000000080020d0       0x44 ./Drivers/STM32F3xx_HAL_Driver/Src/stm32f3xx_hal_rcc.o
                0x00000000080020d0                HAL_RCC_GetPCLK1Freq
 .text.HAL_RCC_GetPCLK2Freq
                0x0000000008002114       0x44 ./Drivers/STM32F3xx_HAL_Driver/Src/stm32f3xx_hal_rcc.o
                0x0000000008002114                HAL_RCC_GetPCLK2Freq
 .text.HAL_SPI_Init
                0x0000000008002158      0x156 ./Drivers/STM32F3xx_HAL_Driver/Src/stm32f3xx_hal_spi.o
                0x0000000008002158                HAL_SPI_Init
 .text.HAL_SPI_Transmit
                0x00000000080022ae      0x2ea ./Drivers/STM32F3xx_HAL_Driver/Src/stm32f3xx_hal_spi.o
                0x00000000080022ae                HAL_SPI_Transmit
 .text.SPI_WaitFlagStateUntilTimeout
                0x0000000008002598      0x110 ./Drivers/STM32F3xx_HAL_Driver/Src/stm32f3xx_hal_spi.o
 .text.SPI_WaitFifoStateUntilTimeout
                0x00000000080026a8      0x12c ./Drivers/STM32F3xx_HAL_Driver/Src/stm32f3xx_hal_spi.o
 .text.SPI_EndRxTxTransaction
                0x00000000080027d4       0x8c ./Drivers/STM32F3xx_HAL_Driver/Src/stm32f3xx_hal_spi.o
 .text.HAL_UART_Init
                0x0000000008002860       0x9c ./Drivers/STM32F3xx_HAL_Driver/Src/stm32f3xx_hal_uart.o
                0x0000000008002860                HAL_UART_Init
 .text.UART_SetConfig
                0x00000000080028fc      0x26c ./Drivers/STM32F3xx_HAL_Driver/Src/stm32f3xx_hal_uart.o
                0x00000000080028fc                UART_SetConfig
 .text.UART_AdvFeatureConfig
                0x0000000008002b68      0x144 ./Drivers/STM32F3xx_HAL_Driver/Src/stm32f3xx_hal_uart.o
                0x0000000008002b68                UART_AdvFeatureConfig
 .text.UART_CheckIdleState
                0x0000000008002cac      0x150 ./Drivers/STM32F3xx_HAL_Driver/Src/stm32f3xx_hal_uart.o
                0x0000000008002cac                UART_CheckIdleState
 .text.UART_WaitOnFlagUntilTimeout
                0x0000000008002dfc       0xce ./Drivers/STM32F3xx_HAL_Driver/Src/stm32f3xx_hal_uart.o
                0x0000000008002dfc                UART_WaitOnFlagUntilTimeout
 .text.UART_EndRxTransfer
                0x0000000008002eca       0xc8 ./Drivers/STM32F3xx_HAL_Driver/Src/stm32f3xx_hal_uart.o
 *fill*         0x0000000008002f92        0x2 
 .text.ssd1306_Reset
                0x0000000008002f94       0x38 ./Drivers/ssd1306/ssd1306.o
                0x0000000008002f94                ssd1306_Reset
 .text.ssd1306_WriteCommand
                0x0000000008002fcc       0x48 ./Drivers/ssd1306/ssd1306.o
                0x0000000008002fcc                ssd1306_WriteCommand
 .text.ssd1306_WriteData
                0x0000000008003014       0x4c ./Drivers/ssd1306/ssd1306.o
                0x0000000008003014                ssd1306_WriteData
 .text.ssd1306_Init
                0x0000000008003060       0xd4 ./Drivers/ssd1306/ssd1306.o
                0x0000000008003060                ssd1306_Init
 .text.ssd1306_Fill
                0x0000000008003134       0x48 ./Drivers/ssd1306/ssd1306.o
                0x0000000008003134                ssd1306_Fill
 .text.ssd1306_UpdateScreen
                0x000000000800317c       0x50 ./Drivers/ssd1306/ssd1306.o
                0x000000000800317c                ssd1306_UpdateScreen
 .text.ssd1306_DrawPixel
                0x00000000080031cc       0xa8 ./Drivers/ssd1306/ssd1306.o
                0x00000000080031cc                ssd1306_DrawPixel
 .text.ssd1306_Line
                0x0000000008003274       0xd8 ./Drivers/ssd1306/ssd1306.o
                0x0000000008003274                ssd1306_Line
 .text.ssd1306_DrawRectangle
                0x000000000800334c       0x6e ./Drivers/ssd1306/ssd1306.o
                0x000000000800334c                ssd1306_DrawRectangle
 .text.ssd1306_SetContrast
                0x00000000080033ba       0x26 ./Drivers/ssd1306/ssd1306.o
                0x00000000080033ba                ssd1306_SetContrast
 .text.ssd1306_SetDisplayOn
                0x00000000080033e0       0x3c ./Drivers/ssd1306/ssd1306.o
                0x00000000080033e0                ssd1306_SetDisplayOn
 .text.memset   0x000000000800341c       0x10 /opt/st/stm32cubeide_1.13.1/plugins/com.st.stm32cube.ide.mcu.externaltools.gnu-tools-for-stm32.11.3.rel1.linux64_1.1.0.202305231506/tools/bin/../lib/gcc/arm-none-eabi/11.3.1/../../../../arm-none-eabi/lib/thumb/v7e-m+fp/hard/libc_nano.a(libc_a-memset.o)
                0x000000000800341c                memset
 .text.__libc_init_array
                0x000000000800342c       0x48 /opt/st/stm32cubeide_1.13.1/plugins/com.st.stm32cube.ide.mcu.externaltools.gnu-tools-for-stm32.11.3.rel1.linux64_1.1.0.202305231506/tools/bin/../lib/gcc/arm-none-eabi/11.3.1/../../../../arm-none-eabi/lib/thumb/v7e-m+fp/hard/libc_nano.a(libc_a-init.o)
                0x000000000800342c                __libc_init_array
 *(.glue_7)
 .glue_7        0x0000000008003474        0x0 linker stubs
 *(.glue_7t)
 .glue_7t       0x0000000008003474        0x0 linker stubs
 *(.eh_frame)
 .eh_frame      0x0000000008003474        0x0 /opt/st/stm32cubeide_1.13.1/plugins/com.st.stm32cube.ide.mcu.externaltools.gnu-tools-for-stm32.11.3.rel1.linux64_1.1.0.202305231506/tools/bin/../lib/gcc/arm-none-eabi/11.3.1/thumb/v7e-m+fp/hard/crtbegin.o
 *(.init)
 .init          0x0000000008003474        0x4 /opt/st/stm32cubeide_1.13.1/plugins/com.st.stm32cube.ide.mcu.externaltools.gnu-tools-for-stm32.11.3.rel1.linux64_1.1.0.202305231506/tools/bin/../lib/gcc/arm-none-eabi/11.3.1/thumb/v7e-m+fp/hard/crti.o
                0x0000000008003474                _init
 .init          0x0000000008003478        0x8 /opt/st/stm32cubeide_1.13.1/plugins/com.st.stm32cube.ide.mcu.externaltools.gnu-tools-for-stm32.11.3.rel1.linux64_1.1.0.202305231506/tools/bin/../lib/gcc/arm-none-eabi/11.3.1/thumb/v7e-m+fp/hard/crtn.o
 *(.fini)
 .fini          0x0000000008003480        0x4 /opt/st/stm32cubeide_1.13.1/plugins/com.st.stm32cube.ide.mcu.externaltools.gnu-tools-for-stm32.11.3.rel1.linux64_1.1.0.202305231506/tools/bin/../lib/gcc/arm-none-eabi/11.3.1/thumb/v7e-m+fp/hard/crti.o
                0x0000000008003480                _fini
 .fini          0x0000000008003484        0x8 /opt/st/stm32cubeide_1.13.1/plugins/com.st.stm32cube.ide.mcu.externaltools.gnu-tools-for-stm32.11.3.rel1.linux64_1.1.0.202305231506/tools/bin/../lib/gcc/arm-none-eabi/11.3.1/thumb/v7e-m+fp/hard/crtn.o
                0x000000000800348c                . = ALIGN (0x4)
                0x000000000800348c                _etext = .

.vfp11_veneer   0x000000000800348c        0x0
 .vfp11_veneer  0x000000000800348c        0x0 linker stubs

.v4_bx          0x000000000800348c        0x0
 .v4_bx         0x000000000800348c        0x0 linker stubs

.iplt           0x000000000800348c        0x0
 .iplt          0x000000000800348c        0x0 /opt/st/stm32cubeide_1.13.1/plugins/com.st.stm32cube.ide.mcu.externaltools.gnu-tools-for-stm32.11.3.rel1.linux64_1.1.0.202305231506/tools/bin/../lib/gcc/arm-none-eabi/11.3.1/thumb/v7e-m+fp/hard/crtbegin.o

.rodata         0x000000000800348c       0x38
                0x000000000800348c                . = ALIGN (0x4)
 *(.rodata)
 *(.rodata*)
 .rodata.AHBPrescTable
                0x000000000800348c       0x10 ./Core/Src/system_stm32f3xx.o
                0x000000000800348c                AHBPrescTable
 .rodata.APBPrescTable
                0x000000000800349c        0x8 ./Core/Src/system_stm32f3xx.o
                0x000000000800349c                APBPrescTable
 .rodata.aPLLMULFactorTable
                0x00000000080034a4       0x10 ./Drivers/STM32F3xx_HAL_Driver/Src/stm32f3xx_hal_rcc.o
 .rodata.aPredivFactorTable
                0x00000000080034b4       0x10 ./Drivers/STM32F3xx_HAL_Driver/Src/stm32f3xx_hal_rcc.o
                0x00000000080034c4                . = ALIGN (0x4)

.rel.dyn        0x00000000080034c4        0x0
 .rel.iplt      0x00000000080034c4        0x0 /opt/st/stm32cubeide_1.13.1/plugins/com.st.stm32cube.ide.mcu.externaltools.gnu-tools-for-stm32.11.3.rel1.linux64_1.1.0.202305231506/tools/bin/../lib/gcc/arm-none-eabi/11.3.1/thumb/v7e-m+fp/hard/crtbegin.o

.ARM.extab      0x00000000080034c4        0x0
                0x00000000080034c4                . = ALIGN (0x4)
 *(.ARM.extab* .gnu.linkonce.armextab.*)
                0x00000000080034c4                . = ALIGN (0x4)

.ARM            0x00000000080034c4        0x0
                0x00000000080034c4                . = ALIGN (0x4)
                0x00000000080034c4                __exidx_start = .
 *(.ARM.exidx*)
                0x00000000080034c4                __exidx_end = .
                0x00000000080034c4                . = ALIGN (0x4)

.preinit_array  0x00000000080034c4        0x0
                0x00000000080034c4                . = ALIGN (0x4)
                0x00000000080034c4                PROVIDE (__preinit_array_start = .)
 *(.preinit_array*)
                0x00000000080034c4                PROVIDE (__preinit_array_end = .)
                0x00000000080034c4                . = ALIGN (0x4)

.init_array     0x00000000080034c4        0x4
                0x00000000080034c4                . = ALIGN (0x4)
                0x00000000080034c4                PROVIDE (__init_array_start = .)
 *(SORT_BY_NAME(.init_array.*))
 *(.init_array*)
 .init_array    0x00000000080034c4        0x4 /opt/st/stm32cubeide_1.13.1/plugins/com.st.stm32cube.ide.mcu.externaltools.gnu-tools-for-stm32.11.3.rel1.linux64_1.1.0.202305231506/tools/bin/../lib/gcc/arm-none-eabi/11.3.1/thumb/v7e-m+fp/hard/crtbegin.o
                0x00000000080034c8                PROVIDE (__init_array_end = .)
                0x00000000080034c8                . = ALIGN (0x4)

.fini_array     0x00000000080034c8        0x4
                0x00000000080034c8                . = ALIGN (0x4)
                [!provide]                        PROVIDE (__fini_array_start = .)
 *(SORT_BY_NAME(.fini_array.*))
 *(.fini_array*)
 .fini_array    0x00000000080034c8        0x4 /opt/st/stm32cubeide_1.13.1/plugins/com.st.stm32cube.ide.mcu.externaltools.gnu-tools-for-stm32.11.3.rel1.linux64_1.1.0.202305231506/tools/bin/../lib/gcc/arm-none-eabi/11.3.1/thumb/v7e-m+fp/hard/crtbegin.o
                [!provide]                        PROVIDE (__fini_array_end = .)
                0x00000000080034cc                . = ALIGN (0x4)
                0x00000000080034cc                _sidata = LOADADDR (.data)

.data           0x0000000020000000        0xc load address 0x00000000080034cc
                0x0000000020000000                . = ALIGN (0x4)
                0x0000000020000000                _sdata = .
 *(.data)
 *(.data*)
 .data.SystemCoreClock
                0x0000000020000000        0x4 ./Core/Src/system_stm32f3xx.o
                0x0000000020000000                SystemCoreClock
 .data.uwTickPrio
                0x0000000020000004        0x4 ./Drivers/STM32F3xx_HAL_Driver/Src/stm32f3xx_hal.o
                0x0000000020000004                uwTickPrio
 .data.uwTickFreq
                0x0000000020000008        0x1 ./Drivers/STM32F3xx_HAL_Driver/Src/stm32f3xx_hal.o
                0x0000000020000008                uwTickFreq
 *(.RamFunc)
 *(.RamFunc*)
                0x000000002000000c                . = ALIGN (0x4)
 *fill*         0x0000000020000009        0x3 
                0x000000002000000c                _edata = .

.igot.plt       0x000000002000000c        0x0 load address 0x00000000080034d8
 .igot.plt      0x000000002000000c        0x0 /opt/st/stm32cubeide_1.13.1/plugins/com.st.stm32cube.ide.mcu.externaltools.gnu-tools-for-stm32.11.3.rel1.linux64_1.1.0.202305231506/tools/bin/../lib/gcc/arm-none-eabi/11.3.1/thumb/v7e-m+fp/hard/crtbegin.o
                0x000000002000000c                . = ALIGN (0x4)

.bss            0x000000002000000c      0x514 load address 0x00000000080034d8
                0x000000002000000c                _sbss = .
                0x000000002000000c                __bss_start__ = _sbss
 *(.bss)
 .bss           0x000000002000000c       0x1c /opt/st/stm32cubeide_1.13.1/plugins/com.st.stm32cube.ide.mcu.externaltools.gnu-tools-for-stm32.11.3.rel1.linux64_1.1.0.202305231506/tools/bin/../lib/gcc/arm-none-eabi/11.3.1/thumb/v7e-m+fp/hard/crtbegin.o
 *(.bss*)
 .bss.hspi2     0x0000000020000028       0x64 ./Core/Src/main.o
                0x0000000020000028                hspi2
 .bss.huart2    0x000000002000008c       0x88 ./Core/Src/main.o
                0x000000002000008c                huart2
 .bss.uwTick    0x0000000020000114        0x4 ./Drivers/STM32F3xx_HAL_Driver/Src/stm32f3xx_hal.o
                0x0000000020000114                uwTick
 .bss.SSD1306_Buffer
                0x0000000020000118      0x400 ./Drivers/ssd1306/ssd1306.o
 .bss.SSD1306   0x0000000020000518        0x6 ./Drivers/ssd1306/ssd1306.o
 *(COMMON)
                0x0000000020000520                . = ALIGN (0x4)
 *fill*         0x000000002000051e        0x2 
                0x0000000020000520                _ebss = .
                0x0000000020000520                __bss_end__ = _ebss

._user_heap_stack
                0x0000000020000520      0x600 load address 0x00000000080034d8
                0x0000000020000520                . = ALIGN (0x8)
                [!provide]                        PROVIDE (end = .)
                0x0000000020000520                PROVIDE (_end = .)
                0x0000000020000720                . = (. + _Min_Heap_Size)
 *fill*         0x0000000020000520      0x200 
                0x0000000020000b20                . = (. + _Min_Stack_Size)
 *fill*         0x0000000020000720      0x400 
                0x0000000020000b20                . = ALIGN (0x8)

/DISCARD/
 libc.a(*)
 libm.a(*)
 libgcc.a(*)

.ARM.attributes
                0x0000000000000000       0x30
 *(.ARM.attributes)
 .ARM.attributes
                0x0000000000000000       0x1e /opt/st/stm32cubeide_1.13.1/plugins/com.st.stm32cube.ide.mcu.externaltools.gnu-tools-for-stm32.11.3.rel1.linux64_1.1.0.202305231506/tools/bin/../lib/gcc/arm-none-eabi/11.3.1/thumb/v7e-m+fp/hard/crti.o
 .ARM.attributes
                0x000000000000001e       0x34 /opt/st/stm32cubeide_1.13.1/plugins/com.st.stm32cube.ide.mcu.externaltools.gnu-tools-for-stm32.11.3.rel1.linux64_1.1.0.202305231506/tools/bin/../lib/gcc/arm-none-eabi/11.3.1/thumb/v7e-m+fp/hard/crtbegin.o
 .ARM.attributes
                0x0000000000000052       0x34 ./Core/Src/main.o
 .ARM.attributes
                0x0000000000000086       0x34 ./Core/Src/stm32f3xx_hal_msp.o
 .ARM.attributes
                0x00000000000000ba       0x34 ./Core/Src/stm32f3xx_it.o
 .ARM.attributes
                0x00000000000000ee       0x34 ./Core/Src/system_stm32f3xx.o
 .ARM.attributes
                0x0000000000000122       0x21 ./Core/Startup/startup_stm32f302r8tx.o
 .ARM.attributes
                0x0000000000000143       0x34 ./Drivers/STM32F3xx_HAL_Driver/Src/stm32f3xx_hal.o
 .ARM.attributes
                0x0000000000000177       0x34 ./Drivers/STM32F3xx_HAL_Driver/Src/stm32f3xx_hal_cortex.o
 .ARM.attributes
                0x00000000000001ab       0x34 ./Drivers/STM32F3xx_HAL_Driver/Src/stm32f3xx_hal_gpio.o
 .ARM.attributes
                0x00000000000001df       0x34 ./Drivers/STM32F3xx_HAL_Driver/Src/stm32f3xx_hal_rcc.o
 .ARM.attributes
                0x0000000000000213       0x34 ./Drivers/STM32F3xx_HAL_Driver/Src/stm32f3xx_hal_spi.o
 .ARM.attributes
                0x0000000000000247       0x34 ./Drivers/STM32F3xx_HAL_Driver/Src/stm32f3xx_hal_uart.o
 .ARM.attributes
                0x000000000000027b       0x34 ./Drivers/ssd1306/ssd1306.o
 .ARM.attributes
                0x00000000000002af       0x34 /opt/st/stm32cubeide_1.13.1/plugins/com.st.stm32cube.ide.mcu.externaltools.gnu-tools-for-stm32.11.3.rel1.linux64_1.1.0.202305231506/tools/bin/../lib/gcc/arm-none-eabi/11.3.1/../../../../arm-none-eabi/lib/thumb/v7e-m+fp/hard/libc_nano.a(libc_a-memset.o)
 .ARM.attributes
                0x00000000000002e3       0x34 /opt/st/stm32cubeide_1.13.1/plugins/com.st.stm32cube.ide.mcu.externaltools.gnu-tools-for-stm32.11.3.rel1.linux64_1.1.0.202305231506/tools/bin/../lib/gcc/arm-none-eabi/11.3.1/../../../../arm-none-eabi/lib/thumb/v7e-m+fp/hard/libc_nano.a(libc_a-init.o)
 .ARM.attributes
                0x0000000000000317       0x1e /opt/st/stm32cubeide_1.13.1/plugins/com.st.stm32cube.ide.mcu.externaltools.gnu-tools-for-stm32.11.3.rel1.linux64_1.1.0.202305231506/tools/bin/../lib/gcc/arm-none-eabi/11.3.1/thumb/v7e-m+fp/hard/crtn.o
OUTPUT(SPI_ssd1309.elf elf32-littlearm)
LOAD linker stubs
LOAD /opt/st/stm32cubeide_1.13.1/plugins/com.st.stm32cube.ide.mcu.externaltools.gnu-tools-for-stm32.11.3.rel1.linux64_1.1.0.202305231506/tools/bin/../lib/gcc/arm-none-eabi/11.3.1/../../../../arm-none-eabi/lib/thumb/v7e-m+fp/hard/libc.a
LOAD /opt/st/stm32cubeide_1.13.1/plugins/com.st.stm32cube.ide.mcu.externaltools.gnu-tools-for-stm32.11.3.rel1.linux64_1.1.0.202305231506/tools/bin/../lib/gcc/arm-none-eabi/11.3.1/../../../../arm-none-eabi/lib/thumb/v7e-m+fp/hard/libm.a
LOAD /opt/st/stm32cubeide_1.13.1/plugins/com.st.stm32cube.ide.mcu.externaltools.gnu-tools-for-stm32.11.3.rel1.linux64_1.1.0.202305231506/tools/bin/../lib/gcc/arm-none-eabi/11.3.1/thumb/v7e-m+fp/hard/libgcc.a

.comment        0x0000000000000000       0x43
 .comment       0x0000000000000000       0x43 /opt/st/stm32cubeide_1.13.1/plugins/com.st.stm32cube.ide.mcu.externaltools.gnu-tools-for-stm32.11.3.rel1.linux64_1.1.0.202305231506/tools/bin/../lib/gcc/arm-none-eabi/11.3.1/thumb/v7e-m+fp/hard/crtbegin.o
                                         0x44 (size before relaxing)
 .comment       0x0000000000000043       0x44 ./Core/Src/main.o
 .comment       0x0000000000000043       0x44 ./Core/Src/stm32f3xx_hal_msp.o
 .comment       0x0000000000000043       0x44 ./Core/Src/stm32f3xx_it.o
 .comment       0x0000000000000043       0x44 ./Core/Src/system_stm32f3xx.o
 .comment       0x0000000000000043       0x44 ./Drivers/STM32F3xx_HAL_Driver/Src/stm32f3xx_hal.o
 .comment       0x0000000000000043       0x44 ./Drivers/STM32F3xx_HAL_Driver/Src/stm32f3xx_hal_cortex.o
 .comment       0x0000000000000043       0x44 ./Drivers/STM32F3xx_HAL_Driver/Src/stm32f3xx_hal_gpio.o
 .comment       0x0000000000000043       0x44 ./Drivers/STM32F3xx_HAL_Driver/Src/stm32f3xx_hal_rcc.o
 .comment       0x0000000000000043       0x44 ./Drivers/STM32F3xx_HAL_Driver/Src/stm32f3xx_hal_spi.o
 .comment       0x0000000000000043       0x44 ./Drivers/STM32F3xx_HAL_Driver/Src/stm32f3xx_hal_uart.o
 .comment       0x0000000000000043       0x44 ./Drivers/ssd1306/ssd1306.o

.debug_info     0x0000000000000000     0xaf17
 .debug_info    0x0000000000000000      0xea3 ./Core/Src/main.o
 .debug_info    0x0000000000000ea3      0xc1e ./Core/Src/stm32f3xx_hal_msp.o
 .debug_info    0x0000000000001ac1      0x113 ./Core/Src/stm32f3xx_it.o
 .debug_info    0x0000000000001bd4      0x407 ./Core/Src/system_stm32f3xx.o
 .debug_info    0x0000000000001fdb       0x23 ./Core/Startup/startup_stm32f302r8tx.o
 .debug_info    0x0000000000001ffe      0x774 ./Drivers/STM32F3xx_HAL_Driver/Src/stm32f3xx_hal.o
 .debug_info    0x0000000000002772      0xab1 ./Drivers/STM32F3xx_HAL_Driver/Src/stm32f3xx_hal_cortex.o
 .debug_info    0x0000000000003223      0x5fe ./Drivers/STM32F3xx_HAL_Driver/Src/stm32f3xx_hal_gpio.o
 .debug_info    0x0000000000003821     0x14f1 ./Drivers/STM32F3xx_HAL_Driver/Src/stm32f3xx_hal_rcc.o
 .debug_info    0x0000000000004d12     0x1622 ./Drivers/STM32F3xx_HAL_Driver/Src/stm32f3xx_hal_spi.o
 .debug_info    0x0000000000006334     0x39a8 ./Drivers/STM32F3xx_HAL_Driver/Src/stm32f3xx_hal_uart.o
 .debug_info    0x0000000000009cdc     0x123b ./Drivers/ssd1306/ssd1306.o

.debug_abbrev   0x0000000000000000     0x1838
 .debug_abbrev  0x0000000000000000      0x28e ./Core/Src/main.o
 .debug_abbrev  0x000000000000028e      0x1a8 ./Core/Src/stm32f3xx_hal_msp.o
 .debug_abbrev  0x0000000000000436       0x73 ./Core/Src/stm32f3xx_it.o
 .debug_abbrev  0x00000000000004a9      0x11a ./Core/Src/system_stm32f3xx.o
 .debug_abbrev  0x00000000000005c3       0x12 ./Core/Startup/startup_stm32f302r8tx.o
 .debug_abbrev  0x00000000000005d5      0x215 ./Drivers/STM32F3xx_HAL_Driver/Src/stm32f3xx_hal.o
 .debug_abbrev  0x00000000000007ea      0x2f8 ./Drivers/STM32F3xx_HAL_Driver/Src/stm32f3xx_hal_cortex.o
 .debug_abbrev  0x0000000000000ae2      0x1ca ./Drivers/STM32F3xx_HAL_Driver/Src/stm32f3xx_hal_gpio.o
 .debug_abbrev  0x0000000000000cac      0x300 ./Drivers/STM32F3xx_HAL_Driver/Src/stm32f3xx_hal_rcc.o
 .debug_abbrev  0x0000000000000fac      0x269 ./Drivers/STM32F3xx_HAL_Driver/Src/stm32f3xx_hal_spi.o
 .debug_abbrev  0x0000000000001215      0x2d1 ./Drivers/STM32F3xx_HAL_Driver/Src/stm32f3xx_hal_uart.o
 .debug_abbrev  0x00000000000014e6      0x352 ./Drivers/ssd1306/ssd1306.o

.debug_aranges  0x0000000000000000      0x8d8
 .debug_aranges
                0x0000000000000000       0x48 ./Core/Src/main.o
 .debug_aranges
                0x0000000000000048       0x40 ./Core/Src/stm32f3xx_hal_msp.o
 .debug_aranges
                0x0000000000000088       0x60 ./Core/Src/stm32f3xx_it.o
 .debug_aranges
                0x00000000000000e8       0x28 ./Core/Src/system_stm32f3xx.o
 .debug_aranges
                0x0000000000000110       0x28 ./Core/Startup/startup_stm32f302r8tx.o
 .debug_aranges
                0x0000000000000138       0xe0 ./Drivers/STM32F3xx_HAL_Driver/Src/stm32f3xx_hal.o
 .debug_aranges
                0x0000000000000218      0x100 ./Drivers/STM32F3xx_HAL_Driver/Src/stm32f3xx_hal_cortex.o
 .debug_aranges
                0x0000000000000318       0x58 ./Drivers/STM32F3xx_HAL_Driver/Src/stm32f3xx_hal_gpio.o
 .debug_aranges
                0x0000000000000370       0x88 ./Drivers/STM32F3xx_HAL_Driver/Src/stm32f3xx_hal_rcc.o
 .debug_aranges
                0x00000000000003f8      0x1d8 ./Drivers/STM32F3xx_HAL_Driver/Src/stm32f3xx_hal_spi.o
 .debug_aranges
                0x00000000000005d0      0x228 ./Drivers/STM32F3xx_HAL_Driver/Src/stm32f3xx_hal_uart.o
 .debug_aranges
                0x00000000000007f8       0xe0 ./Drivers/ssd1306/ssd1306.o

.debug_rnglists
                0x0000000000000000      0x6d8
 .debug_rnglists
                0x0000000000000000       0x33 ./Core/Src/main.o
 .debug_rnglists
                0x0000000000000033       0x2d ./Core/Src/stm32f3xx_hal_msp.o
 .debug_rnglists
                0x0000000000000060       0x43 ./Core/Src/stm32f3xx_it.o
 .debug_rnglists
                0x00000000000000a3       0x1a ./Core/Src/system_stm32f3xx.o
 .debug_rnglists
                0x00000000000000bd       0x19 ./Core/Startup/startup_stm32f302r8tx.o
 .debug_rnglists
                0x00000000000000d6       0xa3 ./Drivers/STM32F3xx_HAL_Driver/Src/stm32f3xx_hal.o
 .debug_rnglists
                0x0000000000000179       0xbb ./Drivers/STM32F3xx_HAL_Driver/Src/stm32f3xx_hal_cortex.o
 .debug_rnglists
                0x0000000000000234       0x3f ./Drivers/STM32F3xx_HAL_Driver/Src/stm32f3xx_hal_gpio.o
 .debug_rnglists
                0x0000000000000273       0x66 ./Drivers/STM32F3xx_HAL_Driver/Src/stm32f3xx_hal_rcc.o
 .debug_rnglists
                0x00000000000002d9      0x178 ./Drivers/STM32F3xx_HAL_Driver/Src/stm32f3xx_hal_spi.o
 .debug_rnglists
                0x0000000000000451      0x1da ./Drivers/STM32F3xx_HAL_Driver/Src/stm32f3xx_hal_uart.o
 .debug_rnglists
                0x000000000000062b       0xad ./Drivers/ssd1306/ssd1306.o

.debug_macro    0x0000000000000000    0x1a921
 .debug_macro   0x0000000000000000      0x230 ./Core/Src/main.o
 .debug_macro   0x0000000000000230      0xaa8 ./Core/Src/main.o
 .debug_macro   0x0000000000000cd8      0x157 ./Core/Src/main.o
 .debug_macro   0x0000000000000e2f       0x2e ./Core/Src/main.o
 .debug_macro   0x0000000000000e5d       0x28 ./Core/Src/main.o
 .debug_macro   0x0000000000000e85       0x22 ./Core/Src/main.o
 .debug_macro   0x0000000000000ea7       0x8e ./Core/Src/main.o
 .debug_macro   0x0000000000000f35       0x51 ./Core/Src/main.o
 .debug_macro   0x0000000000000f86      0x103 ./Core/Src/main.o
 .debug_macro   0x0000000000001089       0x6a ./Core/Src/main.o
 .debug_macro   0x00000000000010f3      0x1df ./Core/Src/main.o
 .debug_macro   0x00000000000012d2       0x1c ./Core/Src/main.o
 .debug_macro   0x00000000000012ee       0x22 ./Core/Src/main.o
 .debug_macro   0x0000000000001310       0xd9 ./Core/Src/main.o
 .debug_macro   0x00000000000013e9      0xf07 ./Core/Src/main.o
 .debug_macro   0x00000000000022f0    0x110e8 ./Core/Src/main.o
 .debug_macro   0x00000000000133d8       0x6d ./Core/Src/main.o
 .debug_macro   0x0000000000013445     0x3558 ./Core/Src/main.o
 .debug_macro   0x000000000001699d      0x174 ./Core/Src/main.o
 .debug_macro   0x0000000000016b11       0x55 ./Core/Src/main.o
 .debug_macro   0x0000000000016b66      0x8f8 ./Core/Src/main.o
 .debug_macro   0x000000000001745e      0x41b ./Core/Src/main.o
 .debug_macro   0x0000000000017879      0x1b5 ./Core/Src/main.o
 .debug_macro   0x0000000000017a2e      0x161 ./Core/Src/main.o
 .debug_macro   0x0000000000017b8f      0x1d5 ./Core/Src/main.o
 .debug_macro   0x0000000000017d64      0x1bc ./Core/Src/main.o
 .debug_macro   0x0000000000017f20       0x34 ./Core/Src/main.o
 .debug_macro   0x0000000000017f54       0x3c ./Core/Src/main.o
 .debug_macro   0x0000000000017f90       0x57 ./Core/Src/main.o
 .debug_macro   0x0000000000017fe7       0xc5 ./Core/Src/main.o
 .debug_macro   0x00000000000180ac      0x19f ./Core/Src/main.o
 .debug_macro   0x000000000001824b      0x22c ./Core/Src/main.o
 .debug_macro   0x0000000000018477       0x5b ./Core/Src/main.o
 .debug_macro   0x00000000000184d2       0xa5 ./Core/Src/main.o
 .debug_macro   0x0000000000018577       0x81 ./Core/Src/main.o
 .debug_macro   0x00000000000185f8       0xd3 ./Core/Src/main.o
 .debug_macro   0x00000000000186cb      0x2fe ./Core/Src/main.o
 .debug_macro   0x00000000000189c9      0x5ba ./Core/Src/main.o
 .debug_macro   0x0000000000018f83       0x44 ./Core/Src/main.o
 .debug_macro   0x0000000000018fc7      0x1f7 ./Core/Src/main.o
 .debug_macro   0x00000000000191be       0x4c ./Core/Src/main.o
 .debug_macro   0x000000000001920a       0x61 ./Core/Src/main.o
 .debug_macro   0x000000000001926b       0x2a ./Core/Src/main.o
 .debug_macro   0x0000000000019295       0x43 ./Core/Src/main.o
 .debug_macro   0x00000000000192d8       0x34 ./Core/Src/main.o
 .debug_macro   0x000000000001930c       0x6a ./Core/Src/main.o
 .debug_macro   0x0000000000019376       0x10 ./Core/Src/main.o
 .debug_macro   0x0000000000019386       0x16 ./Core/Src/main.o
 .debug_macro   0x000000000001939c      0x1d5 ./Core/Src/stm32f3xx_hal_msp.o
 .debug_macro   0x0000000000019571      0x1df ./Core/Src/stm32f3xx_it.o
 .debug_macro   0x0000000000019750      0x1c6 ./Core/Src/system_stm32f3xx.o
 .debug_macro   0x0000000000019916      0x1ea ./Drivers/STM32F3xx_HAL_Driver/Src/stm32f3xx_hal.o
 .debug_macro   0x0000000000019b00      0x1c6 ./Drivers/STM32F3xx_HAL_Driver/Src/stm32f3xx_hal_cortex.o
 .debug_macro   0x0000000000019cc6      0x1cd ./Drivers/STM32F3xx_HAL_Driver/Src/stm32f3xx_hal_gpio.o
 .debug_macro   0x0000000000019e93      0x1ea ./Drivers/STM32F3xx_HAL_Driver/Src/stm32f3xx_hal_rcc.o
 .debug_macro   0x000000000001a07d      0x1ce ./Drivers/STM32F3xx_HAL_Driver/Src/stm32f3xx_hal_spi.o
 .debug_macro   0x000000000001a24b      0x1e3 ./Drivers/STM32F3xx_HAL_Driver/Src/stm32f3xx_hal_uart.o
 .debug_macro   0x000000000001a42e      0x2fa ./Drivers/ssd1306/ssd1306.o
 .debug_macro   0x000000000001a728       0x28 ./Drivers/ssd1306/ssd1306.o
 .debug_macro   0x000000000001a750      0x19b ./Drivers/ssd1306/ssd1306.o
 .debug_macro   0x000000000001a8eb       0x16 ./Drivers/ssd1306/ssd1306.o
 .debug_macro   0x000000000001a901       0x20 ./Drivers/ssd1306/ssd1306.o

.debug_line     0x0000000000000000     0xaf2f
 .debug_line    0x0000000000000000      0x8ed ./Core/Src/main.o
 .debug_line    0x00000000000008ed      0x72a ./Core/Src/stm32f3xx_hal_msp.o
 .debug_line    0x0000000000001017      0x751 ./Core/Src/stm32f3xx_it.o
 .debug_line    0x0000000000001768      0x705 ./Core/Src/system_stm32f3xx.o
 .debug_line    0x0000000000001e6d       0x7a ./Core/Startup/startup_stm32f302r8tx.o
 .debug_line    0x0000000000001ee7      0x93a ./Drivers/STM32F3xx_HAL_Driver/Src/stm32f3xx_hal.o
 .debug_line    0x0000000000002821      0xb22 ./Drivers/STM32F3xx_HAL_Driver/Src/stm32f3xx_hal_cortex.o
 .debug_line    0x0000000000003343      0xa85 ./Drivers/STM32F3xx_HAL_Driver/Src/stm32f3xx_hal_gpio.o
 .debug_line    0x0000000000003dc8     0x1314 ./Drivers/STM32F3xx_HAL_Driver/Src/stm32f3xx_hal_rcc.o
 .debug_line    0x00000000000050dc     0x1eab ./Drivers/STM32F3xx_HAL_Driver/Src/stm32f3xx_hal_spi.o
 .debug_line    0x0000000000006f87     0x2ffe ./Drivers/STM32F3xx_HAL_Driver/Src/stm32f3xx_hal_uart.o
 .debug_line    0x0000000000009f85      0xfaa ./Drivers/ssd1306/ssd1306.o

.debug_str      0x0000000000000000    0x9e471
 .debug_str     0x0000000000000000    0x98cb3 ./Core/Src/main.o
                                      0x98fbd (size before relaxing)
 .debug_str     0x0000000000098cb3       0xaa ./Core/Src/stm32f3xx_hal_msp.o
                                      0x9884b (size before relaxing)
 .debug_str     0x0000000000098d5d       0xc9 ./Core/Src/stm32f3xx_it.o
                                      0x981b3 (size before relaxing)
 .debug_str     0x0000000000098e26       0xe9 ./Core/Src/system_stm32f3xx.o
                                      0x98143 (size before relaxing)
 .debug_str     0x0000000000098f0f       0x34 ./Core/Startup/startup_stm32f302r8tx.o
                                         0x62 (size before relaxing)
 .debug_str     0x0000000000098f43      0x608 ./Drivers/STM32F3xx_HAL_Driver/Src/stm32f3xx_hal.o
                                      0x9889d (size before relaxing)
 .debug_str     0x000000000009954b      0x25d ./Drivers/STM32F3xx_HAL_Driver/Src/stm32f3xx_hal_cortex.o
                                      0x987c2 (size before relaxing)
 .debug_str     0x00000000000997a8      0x12b ./Drivers/STM32F3xx_HAL_Driver/Src/stm32f3xx_hal_gpio.o
                                      0x982b9 (size before relaxing)
 .debug_str     0x00000000000998d3      0x2d1 ./Drivers/STM32F3xx_HAL_Driver/Src/stm32f3xx_hal_rcc.o
                                      0x985e3 (size before relaxing)
 .debug_str     0x0000000000099ba4      0x5bd ./Drivers/STM32F3xx_HAL_Driver/Src/stm32f3xx_hal_spi.o
                                      0x98a69 (size before relaxing)
 .debug_str     0x000000000009a161      0x863 ./Drivers/STM32F3xx_HAL_Driver/Src/stm32f3xx_hal_uart.o
                                      0x98e66 (size before relaxing)
 .debug_str     0x000000000009a9c4     0x3aad ./Drivers/ssd1306/ssd1306.o
                                      0x9c592 (size before relaxing)

.debug_frame    0x0000000000000000     0x23f4
 .debug_frame   0x0000000000000000       0xc8 ./Core/Src/main.o
 .debug_frame   0x00000000000000c8       0xc4 ./Core/Src/stm32f3xx_hal_msp.o
 .debug_frame   0x000000000000018c      0x104 ./Core/Src/stm32f3xx_it.o
 .debug_frame   0x0000000000000290       0x58 ./Core/Src/system_stm32f3xx.o
 .debug_frame   0x00000000000002e8      0x334 ./Drivers/STM32F3xx_HAL_Driver/Src/stm32f3xx_hal.o
 .debug_frame   0x000000000000061c      0x428 ./Drivers/STM32F3xx_HAL_Driver/Src/stm32f3xx_hal_cortex.o
 .debug_frame   0x0000000000000a44      0x14c ./Drivers/STM32F3xx_HAL_Driver/Src/stm32f3xx_hal_gpio.o
 .debug_frame   0x0000000000000b90      0x214 ./Drivers/STM32F3xx_HAL_Driver/Src/stm32f3xx_hal_rcc.o
 .debug_frame   0x0000000000000da4      0x860 ./Drivers/STM32F3xx_HAL_Driver/Src/stm32f3xx_hal_spi.o
 .debug_frame   0x0000000000001604      0x9e8 ./Drivers/STM32F3xx_HAL_Driver/Src/stm32f3xx_hal_uart.o
 .debug_frame   0x0000000000001fec      0x3bc ./Drivers/ssd1306/ssd1306.o
 .debug_frame   0x00000000000023a8       0x20 /opt/st/stm32cubeide_1.13.1/plugins/com.st.stm32cube.ide.mcu.externaltools.gnu-tools-for-stm32.11.3.rel1.linux64_1.1.0.202305231506/tools/bin/../lib/gcc/arm-none-eabi/11.3.1/../../../../arm-none-eabi/lib/thumb/v7e-m+fp/hard/libc_nano.a(libc_a-memset.o)
 .debug_frame   0x00000000000023c8       0x2c /opt/st/stm32cubeide_1.13.1/plugins/com.st.stm32cube.ide.mcu.externaltools.gnu-tools-for-stm32.11.3.rel1.linux64_1.1.0.202305231506/tools/bin/../lib/gcc/arm-none-eabi/11.3.1/../../../../arm-none-eabi/lib/thumb/v7e-m+fp/hard/libc_nano.a(libc_a-init.o)

.debug_line_str
                0x0000000000000000       0x56
 .debug_line_str
                0x0000000000000000       0x56 ./Core/Startup/startup_stm32f302r8tx.o
                                         0x6e (size before relaxing)
